#
# There is insufficient memory for the Java Runtime Environment to continue.
# Native memory allocation (malloc) failed to allocate 34088152 bytes. Error detail: Chunk::new
# Possible reasons:
#   The system is out of physical RAM or swap space
#   This process is running with CompressedOops enabled, and the Java Heap may be blocking the growth of the native heap
# Possible solutions:
#   Reduce memory load on the system
#   Increase physical memory or swap space
#   Check if swap backing store is full
#   Decrease Java heap size (-Xmx/-Xms)
#   Decrease number of Java threads
#   Decrease Java thread stack sizes (-Xss)
#   Set larger code cache with -XX:ReservedCodeCacheSize=
#   JVM is running with Unscaled Compressed Oops mode in which the Java heap is
#     placed in the first 4GB address space. The Java Heap base address is the
#     maximum limit for the native heap growth. Please use -XX:HeapBaseMinAddress
#     to set the Java Heap base and to place the Java Heap above 4GB virtual address.
# This output file may be truncated or incomplete.
#
#  Out of Memory Error (arena.cpp:193), pid=21768, tid=848
#
# JRE version: OpenJDK Runtime Environment (26.0.2+10) (build 26.0.2+10-55)
# Java VM: OpenJDK 64-Bit Server VM (26.0.2+10-55, mixed mode, sharing, tiered, compressed oops, compressed class ptrs, g1 gc, windows-amd64)
# No core dump will be written. Minidumps are not enabled by default on client versions of Windows
#

---------------  S U M M A R Y ------------

Command Line: -javaagent:C:\Program Files\JetBrains\IntelliJ IDEA Community Edition 2025.2\lib\idea_rt.jar=50451 -Dfile.encoding=UTF-8 -Dsun.stdout.encoding=UTF-8 -Dsun.stderr.encoding=UTF-8 com.labresource.LabResourceApplication

Host: Intel(R) Core(TM) i5-8265U CPU @ 1.60GHz, 8 cores, 7G,  Windows 10 , 64 bit Build 19041 (10.0.19041.5915)
Time: Sat Aug  1 13:01:56 2026 India Standard Time elapsed time: 25.210303 seconds (0d 0h 0m 25s)

---------------  T H R E A D  ---------------

Current thread (0x0000016d59f2af70):  JavaThread "C2 CompilerThread0" daemon [_thread_in_native, id=848, stack(0x00000058f1900000,0x00000058f1a00000) (1024K)]


Current CompileTask:
C2:25210 10394   !   4       com.sun.crypto.provider.PBKDF2KeyImpl::deriveKey (302 bytes)

Stack: [0x00000058f1900000,0x00000058f1a00000]
Native frames: (J=compiled Java code, j=interpreted, Vv=VM code, C=native code)
V  [jvm.dll+0x7d6ea9]  (no source info available)
V  [jvm.dll+0x7a4dcd]  (no source info available)
V  [jvm.dll+0x9b2390]  (no source info available)
V  [jvm.dll+0x9b47e1]  (no source info available)
V  [jvm.dll+0x9b4ef3]  (no source info available)
V  [jvm.dll+0x30f4d6]  (no source info available)
V  [jvm.dll+0x11ddb6]  (no source info available)
V  [jvm.dll+0x11e0de]  (no source info available)
V  [jvm.dll+0x1b00f6]  (no source info available)
V  [jvm.dll+0x3cc262]  (no source info available)
V  [jvm.dll+0x7dfaa2]  (no source info available)
V  [jvm.dll+0x2d2947]  (no source info available)
V  [jvm.dll+0x2d18bf]  (no source info available)
V  [jvm.dll+0x246d30]  (no source info available)
V  [jvm.dll+0x2e19dc]  (no source info available)
V  [jvm.dll+0x2dfbbd]  (no source info available)
V  [jvm.dll+0x4a5a61]  (no source info available)
V  [jvm.dll+0x950d59]  (no source info available)
V  [jvm.dll+0x7d8988]  (no source info available)
C  [ucrtbase.dll+0x21bb2]  (no source info available)
C  [KERNEL32.DLL+0x17374]  (no source info available)
C  [ntdll.dll+0x4cc91]  (no source info available)

Lock stack of current Java thread (top to bottom):


---------------  P R O C E S S  ---------------

Threads class SMR info:
_java_thread_list=0x0000016d5eac3d10, length=30, elements={
0x0000016d59f15cd0, 0x0000016d59f16720, 0x0000016d59f1b0e0, 0x0000016d59f1d0a0,
0x0000016d59f25c60, 0x0000016d59f1fbe0, 0x0000016d59f2af70, 0x0000016d59f334b0,
0x0000016d59f1f410, 0x0000016d59f23290, 0x0000016d59f24230, 0x0000016d5fd5f910,
0x0000016d5fd5d9d0, 0x0000016d5fd5f140, 0x0000016d6233c450, 0x0000016d62337e00,
0x0000016d623385d0, 0x0000016d6233bc80, 0x0000016d6233cc20, 0x0000016d62336e60,
0x0000016d5e6a42a0, 0x0000016d6189a6d0, 0x0000016d61899730, 0x0000016d6189aea0,
0x0000016d6189b670, 0x0000016d6189be40, 0x0000016d61898f60, 0x0000016d63a37650,
0x0000016d63a37e20, 0x0000016d63a33000
}

Java Threads: ( => current thread )
  0x0000016d59f15cd0 JavaThread "Reference Handler"          daemon [_thread_blocked, id=18936, stack(0x00000058f1300000,0x00000058f1400000) (1024K)]
  0x0000016d59f16720 JavaThread "Finalizer"                  daemon [_thread_blocked, id=18616, stack(0x00000058f1400000,0x00000058f1500000) (1024K)]
  0x0000016d59f1b0e0 JavaThread "Signal Dispatcher"          daemon [_thread_blocked, id=14204, stack(0x00000058f1500000,0x00000058f1600000) (1024K)]
  0x0000016d59f1d0a0 JavaThread "Attach Listener"            daemon [_thread_blocked, id=11648, stack(0x00000058f1600000,0x00000058f1700000) (1024K)]
  0x0000016d59f25c60 JavaThread "Service Thread"             daemon [_thread_blocked, id=15084, stack(0x00000058f1700000,0x00000058f1800000) (1024K)]
  0x0000016d59f1fbe0 JavaThread "Monitor Deflation Thread"   daemon [_thread_blocked, id=14260, stack(0x00000058f1800000,0x00000058f1900000) (1024K)]
=>0x0000016d59f2af70 JavaThread "C2 CompilerThread0"         daemon [_thread_in_native, id=848, stack(0x00000058f1900000,0x00000058f1a00000) (1024K)]
  0x0000016d59f334b0 JavaThread "C1 CompilerThread0"         daemon [_thread_blocked, id=10004, stack(0x00000058f1a00000,0x00000058f1b00000) (1024K)]
  0x0000016d59f1f410 JavaThread "Common-Cleaner"             daemon [_thread_blocked, id=22416, stack(0x00000058f1b00000,0x00000058f1c00000) (1024K)]
  0x0000016d59f23290 JavaThread "Monitor Ctrl-Break"         daemon [_thread_in_native, id=17316, stack(0x00000058f1f00000,0x00000058f2000000) (1024K)]
  0x0000016d59f24230 JavaThread "Notification Thread"        daemon [_thread_blocked, id=8764, stack(0x00000058f2000000,0x00000058f2100000) (1024K)]
  0x0000016d5fd5f910 JavaThread "Cleaner-0"                  daemon [_thread_blocked, id=6456, stack(0x00000058f2700000,0x00000058f2800000) (1024K)]
  0x0000016d5fd5d9d0 JavaThread "HikariPool-1:housekeeper"   daemon [_thread_blocked, id=14312, stack(0x00000058f1c00000,0x00000058f1d00000) (1024K)]
  0x0000016d5fd5f140 JavaThread "HikariPool-1:connection-adder" daemon [_thread_in_native, id=6484, stack(0x00000058f2900000,0x00000058f2a00000) (1024K)]
  0x0000016d6233c450 JavaThread "Catalina-utility-1"                [_thread_blocked, id=21556, stack(0x00000058f2c00000,0x00000058f2d00000) (1024K)]
  0x0000016d62337e00 JavaThread "Catalina-utility-2"                [_thread_blocked, id=9544, stack(0x00000058f2d00000,0x00000058f2e00000) (1024K)]
  0x0000016d623385d0 JavaThread "container-0"                       [_thread_blocked, id=14324, stack(0x00000058f2e00000,0x00000058f2f00000) (1024K)]
  0x0000016d6233bc80 JavaThread "http-nio-8080-exec-1"       daemon [_thread_blocked, id=13532, stack(0x00000058f2f00000,0x00000058f3000000) (1024K)]
  0x0000016d6233cc20 JavaThread "http-nio-8080-exec-2"       daemon [_thread_blocked, id=17792, stack(0x00000058f3000000,0x00000058f3100000) (1024K)]
  0x0000016d62336e60 JavaThread "http-nio-8080-exec-3"       daemon [_thread_blocked, id=4948, stack(0x00000058f3100000,0x00000058f3200000) (1024K)]
  0x0000016d5e6a42a0 JavaThread "http-nio-8080-exec-4"       daemon [_thread_blocked, id=2744, stack(0x00000058f3200000,0x00000058f3300000) (1024K)]
  0x0000016d6189a6d0 JavaThread "http-nio-8080-exec-5"       daemon [_thread_blocked, id=13548, stack(0x00000058f3300000,0x00000058f3400000) (1024K)]
  0x0000016d61899730 JavaThread "http-nio-8080-exec-6"       daemon [_thread_blocked, id=10140, stack(0x00000058f3400000,0x00000058f3500000) (1024K)]
  0x0000016d6189aea0 JavaThread "http-nio-8080-exec-7"       daemon [_thread_blocked, id=21460, stack(0x00000058f3500000,0x00000058f3600000) (1024K)]
  0x0000016d6189b670 JavaThread "http-nio-8080-exec-8"       daemon [_thread_blocked, id=12468, stack(0x00000058f3600000,0x00000058f3700000) (1024K)]
  0x0000016d6189be40 JavaThread "http-nio-8080-exec-9"       daemon [_thread_blocked, id=22036, stack(0x00000058f3700000,0x00000058f3800000) (1024K)]
  0x0000016d61898f60 JavaThread "http-nio-8080-exec-10"      daemon [_thread_blocked, id=6656, stack(0x00000058f3800000,0x00000058f3900000) (1024K)]
  0x0000016d63a37650 JavaThread "http-nio-8080-Poller"       daemon [_thread_in_native, id=1788, stack(0x00000058f3900000,0x00000058f3a00000) (1024K)]
  0x0000016d63a37e20 JavaThread "http-nio-8080-Acceptor"     daemon [_thread_in_native, id=22056, stack(0x00000058f3a00000,0x00000058f3b00000) (1024K)]
  0x0000016d63a33000 JavaThread "DestroyJavaVM"                     [_thread_blocked, id=22264, stack(0x00000058f0a00000,0x00000058f0b00000) (1024K)]
Total: 30

Other Threads:
  0x0000016d3c9483d0 VMThread "VM Thread"                           [id=10124, stack(0x00000058f1200000,0x00000058f1300000) (1024K)]
  0x0000016d59f0cb50 WatcherThread "VM Periodic Task Thread"        [id=15028, stack(0x00000058f1100000,0x00000058f1200000) (1024K)]
  0x0000016d3c8cf330 WorkerThread "GC Thread#0"                     [id=22360, stack(0x00000058f0b00000,0x00000058f0c00000) (1024K)]
  0x0000016d5e385b20 WorkerThread "GC Thread#1"                     [id=9288, stack(0x00000058f1d00000,0x00000058f1e00000) (1024K)]
  0x0000016d5e3f5700 WorkerThread "GC Thread#2"                     [id=5188, stack(0x00000058f2100000,0x00000058f2200000) (1024K)]
  0x0000016d5e3f4e60 WorkerThread "GC Thread#3"                     [id=17840, stack(0x00000058f2200000,0x00000058f2300000) (1024K)]
  0x0000016d5e3f5b50 WorkerThread "GC Thread#4"                     [id=5232, stack(0x00000058f2300000,0x00000058f2400000) (1024K)]
  0x0000016d5e3f4170 WorkerThread "GC Thread#5"                     [id=8064, stack(0x00000058f2500000,0x00000058f2600000) (1024K)]
  0x0000016d5e3f5fa0 WorkerThread "GC Thread#6"                     [id=21812, stack(0x00000058f2600000,0x00000058f2700000) (1024K)]
  0x0000016d5e3f52b0 WorkerThread "GC Thread#7"                     [id=11052, stack(0x00000058f2800000,0x00000058f2900000) (1024K)]
  0x0000016d3c8e7fd0 ConcurrentGCThread "G1 Main Marker"            [id=5740, stack(0x00000058f0c00000,0x00000058f0d00000) (1024K)]
  0x0000016d3c8e92f0 WorkerThread "G1 Conc#0"                       [id=17988, stack(0x00000058f0d00000,0x00000058f0e00000) (1024K)]
  0x0000016d5e3f6c90 WorkerThread "G1 Conc#1"                       [id=19352, stack(0x00000058f1e00000,0x00000058f1f00000) (1024K)]
  0x0000016d3c926b80 WorkerThread "G1 Refinement Workers#0"         [id=14864, stack(0x00000058f0f00000,0x00000058f1000000) (1024K)]
  0x0000016d3c925fc0 ConcurrentGCThread "G1 Refine Control"         [id=21644, stack(0x00000058f0e00000,0x00000058f0f00000) (1024K)]
  0x0000016d3c927870 ConcurrentGCThread "G1 Service"                [id=18644, stack(0x00000058f1000000,0x00000058f1100000) (1024K)]
Total: 16

Threads with active compile tasks:
C2 CompilerThread0  25356 10394   !   4       com.sun.crypto.provider.PBKDF2KeyImpl::deriveKey (302 bytes)
Total: 1

VM state: not at safepoint (normal execution)

VM Mutex/Monitor currently owned by a thread: None

Heap address: 0x0000000081e00000, size: 2018 MB, Compressed Oops mode: 32-bit

CDS archive(s) mapped at: [0x0000000020000000-0x0000000020de0000-0x0000000020de0000), size 14548992, SharedBaseAddress: 0x0000000020000000, ArchiveRelocationMode: 1.
Compressed class space mapped at: 0x0000000021000000-0x0000000061000000, reserved size: 1073741824
UseCompressedClassPointers 1, UseCompactObjectHeaders 0
Narrow klass pointer bits 32, Max shift 3
Narrow klass base: 0x0000000020000000, Narrow klass shift: 0
Encoding Range: [0x0000000020000000 - 0x0000000120000000), (4294967296 bytes)
Klass Range:    [0x0000000020000000 - 0x0000000061000000), (1090519040 bytes)
Klass ID Range:  [8 - 1090519033) (1090519025)
Protection zone: [0x0000000020000000 - 0x0000000020010000), (65536 bytes)

GC Precious Log:
 CardTable entry size: 512
 Card Set container configuration: InlinePtr #cards 5 size 8 Array Of Cards #cards 10 size 36 Howl #buckets 4 coarsen threshold 1843 Howl Bitmap #cards 512 size 80 coarsen threshold 460 Card regions per heap region 1 cards per card region 2048
 CPUs: 8 total, 8 available
 Memory: 8070M
 Large Page Support: Disabled
 NUMA Support: Disabled
 Compressed Oops: Enabled (32-bit)
 Heap Region Size: 1M
 Heap Min Capacity: 8M
 Heap Initial Capacity: 8M
 Heap Max Capacity: 2018M
 Pre-touch: Disabled
 Parallel Workers: 8
 Concurrent Workers: 2
 Concurrent Refinement Workers: 8
 Periodic GC: Disabled

Heap:
 garbage-first heap   total reserved 2066432K, committed 101376K, used 88788K [0x0000000081e00000, 0x0000000100000000)
  region size 1M, 43 eden (43M), 6 survivor (6M), 39 old (39M), 2 humongous (2M), 9 free (9M)

Heap Regions: E=young(eden), S=young(survivor), O=old, HS=humongous(starts), HC=humongous(continues), CS=collection set, F=free, TAMS=top-at-mark-start, PB=parsable bottom
|    0|0x0000000081e00000, 0x0000000081f00000, 0x0000000081f00000|100%|HS|  |TAMS 0x0000000081e00000| PB 0x0000000081e00000| Complete  |  0
|    1|0x0000000081f00000, 0x0000000082000000, 0x0000000082000000|100%| O|  |TAMS 0x0000000081f00000| PB 0x0000000081f00000| Untracked |  0
|    2|0x0000000082000000, 0x0000000082100000, 0x0000000082100000|100%| O|  |TAMS 0x0000000082000000| PB 0x0000000082000000| Untracked |  0
|    3|0x0000000082100000, 0x0000000082200000, 0x0000000082200000|100%|HS|  |TAMS 0x0000000082100000| PB 0x0000000082100000| Complete  |  0
|    4|0x0000000082200000, 0x0000000082300000, 0x0000000082300000|100%| O|  |TAMS 0x0000000082200000| PB 0x0000000082200000| Untracked |  0
|    5|0x0000000082300000, 0x0000000082400000, 0x0000000082400000|100%| O|  |TAMS 0x0000000082300000| PB 0x0000000082300000| Untracked |  0
|    6|0x0000000082400000, 0x0000000082500000, 0x0000000082500000|100%| O|  |TAMS 0x0000000082400000| PB 0x0000000082400000| Untracked |  0
|    7|0x0000000082500000, 0x0000000082600000, 0x0000000082600000|100%| O|  |TAMS 0x0000000082500000| PB 0x0000000082500000| Untracked |  0
|    8|0x0000000082600000, 0x0000000082700000, 0x0000000082700000|100%| O|  |TAMS 0x0000000082600000| PB 0x0000000082600000| Untracked |  0
|    9|0x0000000082700000, 0x0000000082800000, 0x0000000082800000|100%| O|  |TAMS 0x0000000082700000| PB 0x0000000082700000| Untracked |  0
|   10|0x0000000082800000, 0x0000000082900000, 0x0000000082900000|100%| O|  |TAMS 0x0000000082800000| PB 0x0000000082800000| Untracked |  0
|   11|0x0000000082900000, 0x0000000082a00000, 0x0000000082a00000|100%| O|  |TAMS 0x0000000082900000| PB 0x0000000082900000| Untracked |  0
|   12|0x0000000082a00000, 0x0000000082b00000, 0x0000000082b00000|100%| O|  |TAMS 0x0000000082a00000| PB 0x0000000082a00000| Untracked |  0
|   13|0x0000000082b00000, 0x0000000082c00000, 0x0000000082c00000|100%| O|  |TAMS 0x0000000082b00000| PB 0x0000000082b00000| Untracked |  0
|   14|0x0000000082c00000, 0x0000000082d00000, 0x0000000082d00000|100%| O|  |TAMS 0x0000000082c00000| PB 0x0000000082c00000| Untracked |  0
|   15|0x0000000082d00000, 0x0000000082e00000, 0x0000000082e00000|100%| O|  |TAMS 0x0000000082d00000| PB 0x0000000082d00000| Untracked |  0
|   16|0x0000000082e00000, 0x0000000082f00000, 0x0000000082f00000|100%| O|  |TAMS 0x0000000082e00000| PB 0x0000000082e00000| Untracked |  0
|   17|0x0000000082f00000, 0x0000000083000000, 0x0000000083000000|100%| O|  |TAMS 0x0000000082f00000| PB 0x0000000082f00000| Untracked |  0
|   18|0x0000000083000000, 0x0000000083100000, 0x0000000083100000|100%| O|  |TAMS 0x0000000083000000| PB 0x0000000083000000| Untracked |  0
|   19|0x0000000083100000, 0x0000000083200000, 0x0000000083200000|100%| O|  |TAMS 0x0000000083100000| PB 0x0000000083100000| Untracked |  0
|   20|0x0000000083200000, 0x0000000083300000, 0x0000000083300000|100%| O|  |TAMS 0x0000000083200000| PB 0x0000000083200000| Untracked |  0
|   21|0x0000000083300000, 0x0000000083400000, 0x0000000083400000|100%| O|  |TAMS 0x0000000083300000| PB 0x0000000083300000| Untracked |  0
|   22|0x0000000083400000, 0x0000000083500000, 0x0000000083500000|100%| O|  |TAMS 0x0000000083400000| PB 0x0000000083400000| Untracked |  0
|   23|0x0000000083500000, 0x0000000083600000, 0x0000000083600000|100%| O|  |TAMS 0x0000000083500000| PB 0x0000000083500000| Untracked |  0
|   24|0x0000000083600000, 0x0000000083700000, 0x0000000083700000|100%| O|  |TAMS 0x0000000083600000| PB 0x0000000083600000| Untracked |  0
|   25|0x0000000083700000, 0x0000000083800000, 0x0000000083800000|100%| O|  |TAMS 0x0000000083700000| PB 0x0000000083700000| Untracked |  0
|   26|0x0000000083800000, 0x0000000083900000, 0x0000000083900000|100%| O|  |TAMS 0x0000000083800000| PB 0x0000000083800000| Untracked |  0
|   27|0x0000000083900000, 0x0000000083a00000, 0x0000000083a00000|100%| O|  |TAMS 0x0000000083900000| PB 0x0000000083900000| Untracked |  0
|   28|0x0000000083a00000, 0x0000000083b00000, 0x0000000083b00000|100%| O|  |TAMS 0x0000000083a00000| PB 0x0000000083a00000| Untracked |  0
|   29|0x0000000083b00000, 0x0000000083c00000, 0x0000000083c00000|100%| O|  |TAMS 0x0000000083b00000| PB 0x0000000083b00000| Untracked |  0
|   30|0x0000000083c00000, 0x0000000083d00000, 0x0000000083d00000|100%| O|  |TAMS 0x0000000083c00000| PB 0x0000000083c00000| Untracked |  0
|   31|0x0000000083d00000, 0x0000000083e00000, 0x0000000083e00000|100%| O|Cm|TAMS 0x0000000083d00000| PB 0x0000000083d00000| Complete  |  0
|   32|0x0000000083e00000, 0x0000000083f00000, 0x0000000083f00000|100%| O|  |TAMS 0x0000000083e00000| PB 0x0000000083e00000| Untracked |  0
|   33|0x0000000083f00000, 0x0000000084000000, 0x0000000084000000|100%| O|  |TAMS 0x0000000083f00000| PB 0x0000000083f00000| Untracked |  0
|   34|0x0000000084000000, 0x0000000084100000, 0x0000000084100000|100%| O|  |TAMS 0x0000000084000000| PB 0x0000000084000000| Untracked |  0
|   35|0x0000000084100000, 0x0000000084200000, 0x0000000084200000|100%| O|  |TAMS 0x0000000084100000| PB 0x0000000084100000| Untracked |  0
|   36|0x0000000084200000, 0x0000000084300000, 0x0000000084300000|100%| O|  |TAMS 0x0000000084200000| PB 0x0000000084200000| Untracked |  0
|   37|0x0000000084300000, 0x0000000084400000, 0x0000000084400000|100%| O|  |TAMS 0x0000000084300000| PB 0x0000000084300000| Untracked |  0
|   38|0x0000000084400000, 0x0000000084444aa0, 0x0000000084500000| 26%| O|  |TAMS 0x0000000084400000| PB 0x0000000084400000| Untracked |  0
|   39|0x0000000084500000, 0x0000000084500000, 0x0000000084600000|  0%| F|  |TAMS 0x0000000084500000| PB 0x0000000084500000| Untracked |  0
|   40|0x0000000084600000, 0x0000000084600000, 0x0000000084700000|  0%| F|  |TAMS 0x0000000084600000| PB 0x0000000084600000| Untracked |  0
|   41|0x0000000084700000, 0x0000000084700000, 0x0000000084800000|  0%| F|  |TAMS 0x0000000084700000| PB 0x0000000084700000| Untracked |  0
|   42|0x0000000084800000, 0x0000000084800000, 0x0000000084900000|  0%| F|  |TAMS 0x0000000084800000| PB 0x0000000084800000| Untracked |  0
|   43|0x0000000084900000, 0x0000000084900000, 0x0000000084a00000|  0%| F|  |TAMS 0x0000000084900000| PB 0x0000000084900000| Untracked |  0
|   44|0x0000000084a00000, 0x0000000084a706b0, 0x0000000084b00000| 43%| S|CS|TAMS 0x0000000084a00000| PB 0x0000000084a00000| Complete  |  0
|   45|0x0000000084b00000, 0x0000000084c00000, 0x0000000084c00000|100%| S|CS|TAMS 0x0000000084b00000| PB 0x0000000084b00000| Complete  |  0
|   46|0x0000000084c00000, 0x0000000084d00000, 0x0000000084d00000|100%| S|CS|TAMS 0x0000000084c00000| PB 0x0000000084c00000| Complete  |  0
|   47|0x0000000084d00000, 0x0000000084e00000, 0x0000000084e00000|100%| S|CS|TAMS 0x0000000084d00000| PB 0x0000000084d00000| Complete  |  0
|   48|0x0000000084e00000, 0x0000000084e00000, 0x0000000084f00000|  0%| F|  |TAMS 0x0000000084e00000| PB 0x0000000084e00000| Untracked |  0
|   49|0x0000000084f00000, 0x0000000084f00000, 0x0000000085000000|  0%| F|  |TAMS 0x0000000084f00000| PB 0x0000000084f00000| Untracked |  0
|   50|0x0000000085000000, 0x0000000085100000, 0x0000000085100000|100%| S|CS|TAMS 0x0000000085000000| PB 0x0000000085000000| Complete  |  0
|   51|0x0000000085100000, 0x0000000085200000, 0x0000000085200000|100%| S|CS|TAMS 0x0000000085100000| PB 0x0000000085100000| Complete  |  0
|   52|0x0000000085200000, 0x0000000085200000, 0x0000000085300000|  0%| F|  |TAMS 0x0000000085200000| PB 0x0000000085200000| Untracked |  0
|   53|0x0000000085300000, 0x0000000085300000, 0x0000000085400000|  0%| F|  |TAMS 0x0000000085300000| PB 0x0000000085300000| Untracked |  0
|   54|0x0000000085400000, 0x00000000854adce8, 0x0000000085500000| 67%| E|CS|TAMS 0x0000000085400000| PB 0x0000000085400000| Complete  |  0
|   55|0x0000000085500000, 0x0000000085600000, 0x0000000085600000|100%| E|CS|TAMS 0x0000000085500000| PB 0x0000000085500000| Complete  |  0
|   56|0x0000000085600000, 0x0000000085700000, 0x0000000085700000|100%| E|CS|TAMS 0x0000000085600000| PB 0x0000000085600000| Complete  |  0
|   57|0x0000000085700000, 0x0000000085800000, 0x0000000085800000|100%| E|CS|TAMS 0x0000000085700000| PB 0x0000000085700000| Complete  |  0
|   58|0x0000000085800000, 0x0000000085900000, 0x0000000085900000|100%| E|CS|TAMS 0x0000000085800000| PB 0x0000000085800000| Complete  |  0
|   59|0x0000000085900000, 0x0000000085a00000, 0x0000000085a00000|100%| E|CS|TAMS 0x0000000085900000| PB 0x0000000085900000| Complete  |  0
|   60|0x0000000085a00000, 0x0000000085b00000, 0x0000000085b00000|100%| E|CS|TAMS 0x0000000085a00000| PB 0x0000000085a00000| Complete  |  0
|   61|0x0000000085b00000, 0x0000000085c00000, 0x0000000085c00000|100%| E|CS|TAMS 0x0000000085b00000| PB 0x0000000085b00000| Complete  |  0
|   62|0x0000000085c00000, 0x0000000085d00000, 0x0000000085d00000|100%| E|CS|TAMS 0x0000000085c00000| PB 0x0000000085c00000| Complete  |  0
|   63|0x0000000085d00000, 0x0000000085e00000, 0x0000000085e00000|100%| E|CS|TAMS 0x0000000085d00000| PB 0x0000000085d00000| Complete  |  0
|   64|0x0000000085e00000, 0x0000000085f00000, 0x0000000085f00000|100%| E|CS|TAMS 0x0000000085e00000| PB 0x0000000085e00000| Complete  |  0
|   65|0x0000000085f00000, 0x0000000086000000, 0x0000000086000000|100%| E|CS|TAMS 0x0000000085f00000| PB 0x0000000085f00000| Complete  |  0
|   66|0x0000000086000000, 0x0000000086100000, 0x0000000086100000|100%| E|CS|TAMS 0x0000000086000000| PB 0x0000000086000000| Complete  |  0
|   67|0x0000000086100000, 0x0000000086200000, 0x0000000086200000|100%| E|CS|TAMS 0x0000000086100000| PB 0x0000000086100000| Complete  |  0
|   68|0x0000000086200000, 0x0000000086300000, 0x0000000086300000|100%| E|CS|TAMS 0x0000000086200000| PB 0x0000000086200000| Complete  |  0
|   69|0x0000000086300000, 0x0000000086400000, 0x0000000086400000|100%| E|CS|TAMS 0x0000000086300000| PB 0x0000000086300000| Complete  |  0
|   70|0x0000000086400000, 0x0000000086500000, 0x0000000086500000|100%| E|CS|TAMS 0x0000000086400000| PB 0x0000000086400000| Complete  |  0
|   71|0x0000000086500000, 0x0000000086600000, 0x0000000086600000|100%| E|CS|TAMS 0x0000000086500000| PB 0x0000000086500000| Complete  |  0
|   72|0x0000000086600000, 0x0000000086700000, 0x0000000086700000|100%| E|CS|TAMS 0x0000000086600000| PB 0x0000000086600000| Complete  |  0
|   73|0x0000000086700000, 0x0000000086800000, 0x0000000086800000|100%| E|CS|TAMS 0x0000000086700000| PB 0x0000000086700000| Complete  |  0
|   74|0x0000000086800000, 0x0000000086900000, 0x0000000086900000|100%| E|CS|TAMS 0x0000000086800000| PB 0x0000000086800000| Complete  |  0
|   75|0x0000000086900000, 0x0000000086a00000, 0x0000000086a00000|100%| E|CS|TAMS 0x0000000086900000| PB 0x0000000086900000| Complete  |  0
|   76|0x0000000086a00000, 0x0000000086b00000, 0x0000000086b00000|100%| E|CS|TAMS 0x0000000086a00000| PB 0x0000000086a00000| Complete  |  0
|   77|0x0000000086b00000, 0x0000000086c00000, 0x0000000086c00000|100%| E|CS|TAMS 0x0000000086b00000| PB 0x0000000086b00000| Complete  |  0
|   78|0x0000000086c00000, 0x0000000086d00000, 0x0000000086d00000|100%| E|CS|TAMS 0x0000000086c00000| PB 0x0000000086c00000| Complete  |  0
|   79|0x0000000086d00000, 0x0000000086e00000, 0x0000000086e00000|100%| E|CS|TAMS 0x0000000086d00000| PB 0x0000000086d00000| Complete  |  0
|   80|0x0000000086e00000, 0x0000000086f00000, 0x0000000086f00000|100%| E|CS|TAMS 0x0000000086e00000| PB 0x0000000086e00000| Complete  |  0
|   81|0x0000000086f00000, 0x0000000087000000, 0x0000000087000000|100%| E|CS|TAMS 0x0000000086f00000| PB 0x0000000086f00000| Complete  |  0
|   82|0x0000000087000000, 0x0000000087100000, 0x0000000087100000|100%| E|CS|TAMS 0x0000000087000000| PB 0x0000000087000000| Complete  |  0
|   83|0x0000000087100000, 0x0000000087200000, 0x0000000087200000|100%| E|CS|TAMS 0x0000000087100000| PB 0x0000000087100000| Complete  |  0
|   84|0x0000000087200000, 0x0000000087300000, 0x0000000087300000|100%| E|CS|TAMS 0x0000000087200000| PB 0x0000000087200000| Complete  |  0
|   85|0x0000000087300000, 0x0000000087400000, 0x0000000087400000|100%| E|CS|TAMS 0x0000000087300000| PB 0x0000000087300000| Complete  |  0
|   86|0x0000000087400000, 0x0000000087500000, 0x0000000087500000|100%| E|CS|TAMS 0x0000000087400000| PB 0x0000000087400000| Complete  |  0
|   87|0x0000000087500000, 0x0000000087600000, 0x0000000087600000|100%| E|CS|TAMS 0x0000000087500000| PB 0x0000000087500000| Complete  |  0
|   88|0x0000000087600000, 0x0000000087700000, 0x0000000087700000|100%| E|CS|TAMS 0x0000000087600000| PB 0x0000000087600000| Complete  |  0
|   89|0x0000000087700000, 0x0000000087800000, 0x0000000087800000|100%| E|CS|TAMS 0x0000000087700000| PB 0x0000000087700000| Complete  |  0
|   90|0x0000000087800000, 0x0000000087900000, 0x0000000087900000|100%| E|CS|TAMS 0x0000000087800000| PB 0x0000000087800000| Complete  |  0
|   91|0x0000000087900000, 0x0000000087a00000, 0x0000000087a00000|100%| E|CS|TAMS 0x0000000087900000| PB 0x0000000087900000| Complete  |  0
|   92|0x0000000087a00000, 0x0000000087b00000, 0x0000000087b00000|100%| E|CS|TAMS 0x0000000087a00000| PB 0x0000000087a00000| Complete  |  0
|   93|0x0000000087b00000, 0x0000000087c00000, 0x0000000087c00000|100%| E|CS|TAMS 0x0000000087b00000| PB 0x0000000087b00000| Complete  |  0
|   94|0x0000000087c00000, 0x0000000087d00000, 0x0000000087d00000|100%| E|CS|TAMS 0x0000000087c00000| PB 0x0000000087c00000| Complete  |  0
|   95|0x0000000087d00000, 0x0000000087e00000, 0x0000000087e00000|100%| E|CS|TAMS 0x0000000087d00000| PB 0x0000000087d00000| Complete  |  0
| 2015|0x00000000ffd00000, 0x00000000ffe00000, 0x00000000ffe00000|100%| O|  |TAMS 0x00000000ffd00000| PB 0x00000000ffd00000| Untracked |  0
| 2016|0x00000000ffe00000, 0x00000000fff00000, 0x00000000fff00000|100%| O|  |TAMS 0x00000000ffe00000| PB 0x00000000ffe00000| Untracked |  0
| 2017|0x00000000fff00000, 0x0000000100000000, 0x0000000100000000|100%| E|CS|TAMS 0x00000000fff00000| PB 0x00000000fff00000| Complete  |  0

Card table byte_map: [0x0000016d54da0000,0x0000016d551a0000] _byte_map_base: 0x0000016d54991000
Refinement table byte_map: [0x0000016d551a0000,0x0000016d555a0000] _byte_map_base: 0x0000016d54d91000

Marking Bits: (CMBitMap*) 0x0000016d3c8cfab0
 Bits: [0x0000016d555a0000, 0x0000016d57528000)

Polling page: 0x0000016d3a880000

Metaspace:
Metaspace        used 91723K, committed 92416K, reserved 1179648K
 class space     used 13076K, committed 13376K, reserved 1048576K

Usage:
  Non-class:     76.80 MB used.
      Class:     12.77 MB used.
       Both:     89.57 MB used.

Virtual space:
  Non-class space:      128.00 MB reserved,      77.19 MB ( 60%) committed,  2 nodes.
      Class space:        1.00 GB reserved,      13.06 MB (  1%) committed,  1 nodes.
             Both:        1.12 GB reserved,      90.25 MB (  8%) committed. 

Chunk freelists:
   Non-Class:  2.52 MB
       Class:  2.90 MB
        Both:  5.41 MB

MaxMetaspaceSize: unlimited
CompressedClassSpaceSize: 1.00 GB
Initial GC threshold: 21.00 MB
Current GC threshold: 129.19 MB
CDS: on
 - commit_granule_bytes: 65536.
 - commit_granule_words: 8192.
 - virtual_space_node_default_size: 8388608.
 - enlarge_chunks_in_place: 1.
UseCompressedClassPointers 1, UseCompactObjectHeaders 0
Narrow klass pointer bits 32, Max shift 3
Narrow klass base: 0x0000000020000000, Narrow klass shift: 0
Encoding Range: [0x0000000020000000 - 0x0000000120000000), (4294967296 bytes)
Klass Range:    [0x0000000020000000 - 0x0000000061000000), (1090519040 bytes)
Klass ID Range:  [8 - 1090519033) (1090519025)
Protection zone: [0x0000000020000000 - 0x0000000020010000), (65536 bytes)


Internal statistics:

num_allocs_failed_limit: 15.
num_arena_births: 952.
num_arena_deaths: 0.
num_vsnodes_births: 3.
num_vsnodes_deaths: 0.
num_space_committed: 1444.
num_space_uncommitted: 0.
num_chunks_returned_to_freelist: 15.
num_chunks_taken_from_freelist: 4163.
num_chunk_merges: 15.
num_chunk_splits: 3085.
num_chunks_enlarged: 2559.
num_inconsistent_stats: 0.

CodeHeap 'non-profiled nmethods': size=120064Kb used=4672Kb max_used=4672Kb free=115391Kb
 bounds [0x0000016d4d020000, 0x0000016d4d4c0000, 0x0000016d54560000]
CodeHeap 'profiled nmethods': size=120064Kb used=13630Kb max_used=13630Kb free=106433Kb
 bounds [0x0000016d45540000, 0x0000016d46290000, 0x0000016d4ca80000]
CodeHeap 'non-nmethods': size=5760Kb used=1703Kb max_used=1760Kb free=4057Kb
 bounds [0x0000016d4ca80000, 0x0000016d4ccf0000, 0x0000016d4d020000]
CodeCache: size=245888Kb, used=20005Kb, max_used=20062Kb, free=225881Kb
 total_blobs=10059, nmethods=9263, adapters=698, full_count=0
Compilation: enabled, stopped_count=0, restarted_count=0

Compilation events (20 events):
Event: 24.304 Thread 0x0000016d59f334b0 10390       3       java.io.ByteArrayOutputStream::<init> (7 bytes)
Event: 24.305 Thread 0x0000016d59f334b0 nmethod 10390 0x0000016d4628bb88 code [0x0000016d4628bc80, 0x0000016d4628bdb0]
Event: 24.364 Thread 0x0000016d59f2af70 nmethod 10391 0x0000016d4d4abe88 code [0x0000016d4d4abf80, 0x0000016d4d4acb40]
Event: 24.365 Thread 0x0000016d59f2af70 10392   !   4       sun.security.provider.DigestBase::engineDigest (33 bytes)
Event: 24.453 Thread 0x0000016d59f2af70 nmethod 10392 0x0000016d4d4acb88 code [0x0000016d4d4acc80, 0x0000016d4d4adad8]
Event: 24.518 Thread 0x0000016d59f2af70 10393       4       sun.security.provider.DigestBase::engineUpdate (176 bytes)
Event: 24.590 Thread 0x0000016d59f2af70 nmethod 10393 0x0000016d4d4adb08 code [0x0000016d4d4adc00, 0x0000016d4d4ae668]
Event: 24.590 Thread 0x0000016d59f2af70 10394   !   4       com.sun.crypto.provider.PBKDF2KeyImpl::deriveKey (302 bytes)
Event: 24.590 Thread 0x0000016d617d8990 10397       4       sun.security.provider.SHA2::implReset (20 bytes)
Event: 24.609 Thread 0x0000016d617d8990 nmethod 10397 0x0000016d4d4ae688 code [0x0000016d4d4ae780, 0x0000016d4d4ae990]
Event: 24.609 Thread 0x0000016d617d8990 10395       4       javax.crypto.Mac::update (37 bytes)
Event: 24.683 Thread 0x0000016d617d8990 nmethod 10395 0x0000016d4d4aea08 code [0x0000016d4d4aeb00, 0x0000016d4d4afca8]
Event: 24.683 Thread 0x0000016d617d8990 10396   !   4       java.security.MessageDigest::getDigestLength (30 bytes)
Event: 24.685 Thread 0x0000016d617d8990 nmethod 10396 0x0000016d4d4afd08 code [0x0000016d4d4afe00, 0x0000016d4d4afee0]
Event: 24.787 Thread 0x0000016d59f334b0 10398       3       org.postgresql.core.AsciiStringInterner::arrayEquals (43 bytes)
Event: 24.787 Thread 0x0000016d617d8990 10399       4       java.lang.String::<init> (22 bytes)
Event: 24.788 Thread 0x0000016d59f334b0 nmethod 10398 0x0000016d4628be88 code [0x0000016d4628bf80, 0x0000016d4628c208]
Event: 24.789 Thread 0x0000016d617d8990 nmethod 10399 0x0000016d4d4b0008 code [0x0000016d4d4b0100, 0x0000016d4d4b0268]
Event: 25.004 Thread 0x0000016d59f334b0 10400   !   3       org.postgresql.jdbc.TypeInfoCache::addCoreType (368 bytes)
Event: 25.007 Thread 0x0000016d59f334b0 nmethod 10400 0x0000016d4628c288 code [0x0000016d4628c380, 0x0000016d4628f880]

GC Heap Usage History (20 events):
Event: 3.614 {heap Before GC invocations=18 (full 0):
 garbage-first heap   total reserved 2066432K, committed 33792K, used 28744K [0x0000000081e00000, 0x0000000100000000)
  region size 1M, 6 eden (6M), 2 survivor (2M), 19 old (19M), 2 humongous (2M), 4 free (4M)
}
Event: 3.618 {heap After GC invocations=19 (full 0):
 garbage-first heap   total reserved 2066432K, committed 101376K, used 23044K [0x0000000081e00000, 0x0000000100000000)
  region size 1M, 0 eden (0M), 1 survivor (1M), 20 old (20M), 2 humongous (2M), 76 free (76M)
}
Event: 5.599 {heap Before GC invocations=19 (full 0):
 garbage-first heap   total reserved 2066432K, committed 101376K, used 76292K [0x0000000081e00000, 0x0000000100000000)
  region size 1M, 53 eden (53M), 1 survivor (1M), 20 old (20M), 2 humongous (2M), 23 free (23M)
}
Event: 5.623 {heap After GC invocations=20 (full 0):
 garbage-first heap   total reserved 2066432K, committed 101376K, used 27412K [0x0000000081e00000, 0x0000000100000000)
  region size 1M, 0 eden (0M), 5 survivor (5M), 20 old (20M), 2 humongous (2M), 72 free (72M)
}
Event: 6.336 {heap Before GC invocations=20 (full 0):
 garbage-first heap   total reserved 2066432K, committed 101376K, used 48916K [0x0000000081e00000, 0x0000000100000000)
  region size 1M, 22 eden (22M), 5 survivor (5M), 20 old (20M), 2 humongous (2M), 50 free (50M)
}
Event: 6.344 {heap After GC invocations=21 (full 0):
 garbage-first heap   total reserved 2066432K, committed 101376K, used 29027K [0x0000000081e00000, 0x0000000100000000)
  region size 1M, 0 eden (0M), 2 survivor (2M), 25 old (25M), 2 humongous (2M), 70 free (70M)
}
Event: 11.839 {heap Before GC invocations=22 (full 0):
 garbage-first heap   total reserved 2066432K, committed 101376K, used 81251K [0x0000000081e00000, 0x0000000100000000)
  region size 1M, 51 eden (51M), 2 survivor (2M), 25 old (25M), 2 humongous (2M), 19 free (19M)
}
Event: 11.849 {heap After GC invocations=23 (full 0):
 garbage-first heap   total reserved 2066432K, committed 101376K, used 33773K [0x0000000081e00000, 0x0000000100000000)
  region size 1M, 0 eden (0M), 7 survivor (7M), 25 old (25M), 2 humongous (2M), 65 free (65M)
}
Event: 12.668 {heap Before GC invocations=23 (full 0):
 garbage-first heap   total reserved 2066432K, committed 101376K, used 63469K [0x0000000081e00000, 0x0000000100000000)
  region size 1M, 31 eden (31M), 7 survivor (7M), 25 old (25M), 2 humongous (2M), 34 free (34M)
}
Event: 12.678 {heap After GC invocations=24 (full 0):
 garbage-first heap   total reserved 2066432K, committed 101376K, used 35173K [0x0000000081e00000, 0x0000000100000000)
  region size 1M, 0 eden (0M), 2 survivor (2M), 31 old (31M), 2 humongous (2M), 64 free (64M)
}
Event: 12.700 {heap Before GC invocations=24 (full 0):
 garbage-first heap   total reserved 2066432K, committed 101376K, used 36197K [0x0000000081e00000, 0x0000000100000000)
  region size 1M, 2 eden (2M), 2 survivor (2M), 31 old (31M), 2 humongous (2M), 62 free (62M)
}
Event: 12.702 {heap After GC invocations=25 (full 0):
 garbage-first heap   total reserved 2066432K, committed 101376K, used 34591K [0x0000000081e00000, 0x0000000100000000)
  region size 1M, 0 eden (0M), 2 survivor (2M), 31 old (31M), 2 humongous (2M), 64 free (64M)
}
Event: 15.245 {heap Before GC invocations=26 (full 0):
 garbage-first heap   total reserved 2066432K, committed 101376K, used 86815K [0x0000000081e00000, 0x0000000100000000)
  region size 1M, 51 eden (51M), 2 survivor (2M), 31 old (31M), 2 humongous (2M), 13 free (13M)
}
Event: 15.271 {heap After GC invocations=27 (full 0):
 garbage-first heap   total reserved 2066432K, committed 101376K, used 38166K [0x0000000081e00000, 0x0000000100000000)
  region size 1M, 0 eden (0M), 5 survivor (5M), 31 old (31M), 2 humongous (2M), 61 free (61M)
}
Event: 17.117 {heap Before GC invocations=27 (full 0):
 garbage-first heap   total reserved 2066432K, committed 101376K, used 88342K [0x0000000081e00000, 0x0000000100000000)
  region size 1M, 49 eden (49M), 5 survivor (5M), 31 old (31M), 2 humongous (2M), 12 free (12M)
}
Event: 17.124 {heap After GC invocations=28 (full 0):
 garbage-first heap   total reserved 2066432K, committed 101376K, used 41448K [0x0000000081e00000, 0x0000000100000000)
  region size 1M, 0 eden (0M), 7 survivor (7M), 32 old (32M), 2 humongous (2M), 58 free (58M)
}
Event: 17.795 {heap Before GC invocations=28 (full 0):
 garbage-first heap   total reserved 2066432K, committed 101376K, used 89576K [0x0000000081e00000, 0x0000000100000000)
  region size 1M, 47 eden (47M), 7 survivor (7M), 32 old (32M), 2 humongous (2M), 11 free (11M)
}
Event: 17.804 {heap After GC invocations=29 (full 0):
 garbage-first heap   total reserved 2066432K, committed 101376K, used 44418K [0x0000000081e00000, 0x0000000100000000)
  region size 1M, 0 eden (0M), 7 survivor (7M), 35 old (35M), 2 humongous (2M), 55 free (55M)
}
Event: 19.696 {heap Before GC invocations=30 (full 0):
 garbage-first heap   total reserved 2066432K, committed 101376K, used 90498K [0x0000000081e00000, 0x0000000100000000)
  region size 1M, 45 eden (45M), 7 survivor (7M), 35 old (35M), 2 humongous (2M), 10 free (10M)
}
Event: 19.704 {heap After GC invocations=31 (full 0):
 garbage-first heap   total reserved 2066432K, committed 101376K, used 46804K [0x0000000081e00000, 0x0000000100000000)
  region size 1M, 0 eden (0M), 6 survivor (6M), 39 old (39M), 2 humongous (2M), 52 free (52M)
}

Metaspace Usage History (20 events):
Event: 3.614 {metaspace Before GC invocations=18 (full 0):
 Metaspace       used 24854K, committed 25088K, reserved 1114112K
  class space    used 3258K, committed 3328K, reserved 1048576K
}
Event: 3.618 {metaspace After GC invocations=19 (full 0):
 Metaspace       used 24854K, committed 25088K, reserved 1114112K
  class space    used 3258K, committed 3328K, reserved 1048576K
}
Event: 5.599 {metaspace Before GC invocations=19 (full 0):
 Metaspace       used 33671K, committed 34048K, reserved 1114112K
  class space    used 4471K, committed 4672K, reserved 1048576K
}
Event: 5.623 {metaspace After GC invocations=20 (full 0):
 Metaspace       used 33671K, committed 34048K, reserved 1114112K
  class space    used 4471K, committed 4672K, reserved 1048576K
}
Event: 6.336 {metaspace Before GC invocations=20 (full 0):
 Metaspace       used 38567K, committed 38976K, reserved 1114112K
  class space    used 5168K, committed 5376K, reserved 1048576K
}
Event: 6.344 {metaspace After GC invocations=21 (full 0):
 Metaspace       used 38567K, committed 38976K, reserved 1114112K
  class space    used 5168K, committed 5376K, reserved 1048576K
}
Event: 11.839 {metaspace Before GC invocations=22 (full 0):
 Metaspace       used 55140K, committed 55488K, reserved 1114112K
  class space    used 7538K, committed 7680K, reserved 1048576K
}
Event: 11.849 {metaspace After GC invocations=23 (full 0):
 Metaspace       used 55140K, committed 55488K, reserved 1114112K
  class space    used 7538K, committed 7680K, reserved 1048576K
}
Event: 12.668 {metaspace Before GC invocations=23 (full 0):
 Metaspace       used 64834K, committed 65280K, reserved 1114112K
  class space    used 8957K, committed 9152K, reserved 1048576K
}
Event: 12.678 {metaspace After GC invocations=24 (full 0):
 Metaspace       used 64834K, committed 65280K, reserved 1114112K
  class space    used 8957K, committed 9152K, reserved 1048576K
}
Event: 12.700 {metaspace Before GC invocations=24 (full 0):
 Metaspace       used 65141K, committed 65600K, reserved 1114112K
  class space    used 9029K, committed 9280K, reserved 1048576K
}
Event: 12.702 {metaspace After GC invocations=25 (full 0):
 Metaspace       used 65141K, committed 65600K, reserved 1114112K
  class space    used 9029K, committed 9280K, reserved 1048576K
}
Event: 15.245 {metaspace Before GC invocations=26 (full 0):
 Metaspace       used 71612K, committed 72128K, reserved 1114112K
  class space    used 10026K, committed 10240K, reserved 1048576K
}
Event: 15.271 {metaspace After GC invocations=27 (full 0):
 Metaspace       used 71612K, committed 72128K, reserved 1114112K
  class space    used 10026K, committed 10240K, reserved 1048576K
}
Event: 17.117 {metaspace Before GC invocations=27 (full 0):
 Metaspace       used 76009K, committed 76544K, reserved 1179648K
  class space    used 10596K, committed 10816K, reserved 1048576K
}
Event: 17.124 {metaspace After GC invocations=28 (full 0):
 Metaspace       used 76009K, committed 76544K, reserved 1179648K
  class space    used 10596K, committed 10816K, reserved 1048576K
}
Event: 17.795 {metaspace Before GC invocations=28 (full 0):
 Metaspace       used 78678K, committed 79296K, reserved 1179648K
  class space    used 10918K, committed 11200K, reserved 1048576K
}
Event: 17.804 {metaspace After GC invocations=29 (full 0):
 Metaspace       used 78678K, committed 79296K, reserved 1179648K
  class space    used 10918K, committed 11200K, reserved 1048576K
}
Event: 19.696 {metaspace Before GC invocations=30 (full 0):
 Metaspace       used 82714K, committed 83392K, reserved 1179648K
  class space    used 11546K, committed 11840K, reserved 1048576K
}
Event: 19.704 {metaspace After GC invocations=31 (full 0):
 Metaspace       used 82714K, committed 83392K, reserved 1179648K
  class space    used 11546K, committed 11840K, reserved 1048576K
}

Dll operation events (20 events):
Event: 0.151 Attempting to load shared library C:\Users\DI\.jdks\openjdk-26.0.2\bin\zip.dll
Event: 0.151 Loaded shared library C:\Users\DI\.jdks\openjdk-26.0.2\bin\zip.dll
Event: 0.156 Attempting to load shared library C:\Users\DI\.jdks\openjdk-26.0.2\bin\instrument.dll
Event: 0.156 Loaded shared library C:\Users\DI\.jdks\openjdk-26.0.2\bin\instrument.dll
Event: 0.160 Attempting to load shared library C:\Users\DI\.jdks\openjdk-26.0.2\bin\net.dll
Event: 0.161 Loaded shared library C:\Users\DI\.jdks\openjdk-26.0.2\bin\net.dll
Event: 0.162 Attempting to load shared library C:\Users\DI\.jdks\openjdk-26.0.2\bin\nio.dll
Event: 0.162 Loaded shared library C:\Users\DI\.jdks\openjdk-26.0.2\bin\nio.dll
Event: 0.165 Attempting to load shared library C:\Users\DI\.jdks\openjdk-26.0.2\bin\zip.dll
Event: 0.165 Loaded shared library C:\Users\DI\.jdks\openjdk-26.0.2\bin\zip.dll
Event: 0.283 Attempting to load shared library C:\Users\DI\.jdks\openjdk-26.0.2\bin\extnet.dll
Event: 0.283 Loaded shared library C:\Users\DI\.jdks\openjdk-26.0.2\bin\extnet.dll
Event: 0.296 Attempting to load shared library C:\Users\DI\.jdks\openjdk-26.0.2\bin\jimage.dll
Event: 0.296 Loaded shared library C:\Users\DI\.jdks\openjdk-26.0.2\bin\jimage.dll
Event: 2.027 Attempting to load shared library C:\Users\DI\.jdks\openjdk-26.0.2\bin\sunmscapi.dll
Event: 2.029 Loaded shared library C:\Users\DI\.jdks\openjdk-26.0.2\bin\sunmscapi.dll
Event: 5.391 Attempting to load shared library C:\Users\DI\.jdks\openjdk-26.0.2\bin\management.dll
Event: 5.391 Loaded shared library C:\Users\DI\.jdks\openjdk-26.0.2\bin\management.dll
Event: 5.393 Attempting to load shared library C:\Users\DI\.jdks\openjdk-26.0.2\bin\management_ext.dll
Event: 5.394 Loaded shared library C:\Users\DI\.jdks\openjdk-26.0.2\bin\management_ext.dll

Deoptimization events (20 events):
Event: 22.953 Thread 0x0000016d3c890a80 Uncommon trap: trap_request=0xffffffd6 fr.pc=0x0000016d4d49a66c relative=0x0000000000001e6c
Event: 22.953 Thread 0x0000016d3c890a80 Uncommon trap: reason=array_check action=maybe_recompile pc=0x0000016d4d49a66c method=org.antlr.v4.runtime.misc.Array2DHashSet.getOrAddImpl(Ljava/lang/Object;)Ljava/lang/Object; @ 36 c2
Event: 22.953 Thread 0x0000016d3c890a80 DEOPT PACKING pc=0x0000016d4d49a66c sp=0x00000058f0afc3e0
Event: 22.953 Thread 0x0000016d3c890a80 DEOPT UNPACKING pc=0x0000016d4cb9fd82 sp=0x00000058f0afc210 mode 2
Event: 22.959 Thread 0x0000016d5fd5f140 DEOPT PACKING pc=0x0000016d45bc9f73 sp=0x00000058f29fe510
Event: 22.959 Thread 0x0000016d5fd5f140 DEOPT UNPACKING pc=0x0000016d4cad1a02 sp=0x00000058f29fd9e0 mode 0
Event: 22.965 Thread 0x0000016d3c890a80 Uncommon trap: trap_request=0xffffff45 fr.pc=0x0000016d4d46bda4 relative=0x0000000000000fa4
Event: 22.965 Thread 0x0000016d3c890a80 Uncommon trap: reason=unstable_if action=reinterpret pc=0x0000016d4d46bda4 method=org.antlr.v4.runtime.atn.PredictionContext.mergeRoot(Lorg/antlr/v4/runtime/atn/SingletonPredictionContext;Lorg/antlr/v4/runtime/atn/SingletonPredictionContext;Z)Lorg/antlr/v
Event: 22.965 Thread 0x0000016d3c890a80 DEOPT PACKING pc=0x0000016d4d46bda4 sp=0x00000058f0afb410
Event: 22.965 Thread 0x0000016d3c890a80 DEOPT UNPACKING pc=0x0000016d4cb9fd82 sp=0x00000058f0afb318 mode 2
Event: 23.671 Thread 0x0000016d3c890a80 Uncommon trap: trap_request=0xffffff45 fr.pc=0x0000016d4d31e8ac relative=0x00000000000002ac
Event: 23.671 Thread 0x0000016d3c890a80 Uncommon trap: reason=unstable_if action=reinterpret pc=0x0000016d4d31e8ac method=java.util.HashMap$HashIterator.<init>(Ljava/util/HashMap;)V @ 50 c2
Event: 23.671 Thread 0x0000016d3c890a80 DEOPT PACKING pc=0x0000016d4d31e8ac sp=0x00000058f0afd330
Event: 23.671 Thread 0x0000016d3c890a80 DEOPT UNPACKING pc=0x0000016d4cb9fd82 sp=0x00000058f0afd200 mode 2
Event: 24.518 Thread 0x0000016d5fd5f140 DEOPT PACKING pc=0x0000016d45bc9f73 sp=0x00000058f29fe510
Event: 24.518 Thread 0x0000016d5fd5f140 DEOPT UNPACKING pc=0x0000016d4cad1a02 sp=0x00000058f29fd9e0 mode 0
Event: 24.519 Thread 0x0000016d5fd5f140 Uncommon trap: trap_request=0xffffff45 fr.pc=0x0000016d4d29c3e4 relative=0x0000000000008c64
Event: 24.519 Thread 0x0000016d5fd5f140 Uncommon trap: reason=unstable_if action=reinterpret pc=0x0000016d4d29c3e4 method=sun.security.provider.SHA2.implReset()V @ 8 c2
Event: 24.519 Thread 0x0000016d5fd5f140 DEOPT PACKING pc=0x0000016d4d29c3e4 sp=0x00000058f29fe4b0
Event: 24.519 Thread 0x0000016d5fd5f140 DEOPT UNPACKING pc=0x0000016d4cb9fd82 sp=0x00000058f29fe178 mode 2

Classes loaded (20 events):
Event: 19.776 Loading class java/time/format/DateTimeFormatterBuilder$ReducedPrinterParser
Event: 19.777 Loading class java/time/format/DateTimeFormatterBuilder$ReducedPrinterParser done
Event: 20.066 Loading class java/lang/invoke/SerializedLambda
Event: 20.066 Loading class java/lang/invoke/SerializedLambda done
Event: 20.248 Loading class java/util/regex/Pattern$Bound
Event: 20.248 Loading class java/util/regex/Pattern$Bound done
Event: 20.249 Loading class java/util/regex/Pattern$Neg
Event: 20.249 Loading class java/util/regex/Pattern$Neg done
Event: 20.262 Loading class java/util/AbstractMap$SimpleEntry
Event: 20.262 Loading class java/util/AbstractMap$SimpleEntry done
Event: 20.887 Loading class java/util/stream/LongStream
Event: 20.887 Loading class java/util/stream/LongStream done
Event: 20.887 Loading class java/util/stream/DoubleStream
Event: 20.889 Loading class java/util/stream/DoubleStream done
Event: 20.893 Loading class org/w3c/dom/Node
Event: 20.894 Loading class org/w3c/dom/Node done
Event: 20.894 Loading class org/w3c/dom/Document
Event: 20.894 Loading class org/w3c/dom/Document done
Event: 20.941 Loading class sun/nio/cs/ISO_8859_1$Encoder
Event: 20.941 Loading class sun/nio/cs/ISO_8859_1$Encoder done

Classes unloaded (0 events):
No events

Classes redefined (0 events):
No events

Internal exceptions (20 events):
Event: 19.637 Thread 0x0000016d63a37e20 Exception <a 'java/lang/NoSuchMethodError'{0x0000000085670388}: 'java.lang.Object java.lang.invoke.DirectMethodHandle$Holder.invokeStaticInit(java.lang.Object, java.lang.Object, java.lang.Object, int, int)'> (0x0000000085670388) 
thrown [s\open\src\hotspot\share\interpreter\linkResolver.cpp, line 804]
Event: 19.661 Thread 0x0000016d3c890a80 Exception <a 'java/lang/NoSuchMethodError'{0x00000000854d0dd8}: 'double java.lang.invoke.DirectMethodHandle$Holder.invokeStatic(java.lang.Object, double)'> (0x00000000854d0dd8) 
thrown [s\open\src\hotspot\share\interpreter\linkResolver.cpp, line 804]
Event: 19.662 Thread 0x0000016d3c890a80 Exception <a 'java/lang/NoSuchMethodError'{0x00000000854dfe00}: 'double java.lang.invoke.DirectMethodHandle$Holder.invokeStaticInit(java.lang.Object, double)'> (0x00000000854dfe00) 
thrown [s\open\src\hotspot\share\interpreter\linkResolver.cpp, line 804]
Event: 19.679 Thread 0x0000016d6233cc20 Exception <a 'java/lang/NoSuchMethodError'{0x00000000853a97a0}: 'java.lang.Object java.lang.invoke.DirectMethodHandle$Holder.invokeSpecial(java.lang.Object, java.lang.Object, java.lang.Object, java.lang.Object, java.lang.Object, long)'> (0x00000000853a97a0) 
thrown [s\open\src\hotspot\share\interpreter\linkResolver.cpp, line 804]
Event: 19.679 Thread 0x0000016d6233cc20 Exception <a 'java/lang/NoSuchMethodError'{0x00000000853b2020}: 'java.lang.Object java.lang.invoke.DirectMethodHandle$Holder.invokeSpecial(java.lang.Object, java.lang.Object, java.lang.Object, java.lang.Object, java.lang.Object, java.lang.Object, long)'> (0x00000000853b2020) 
thrown [s\open\src\hotspot\share\interpreter\linkResolver.cpp, line 804]
Event: 19.680 Thread 0x0000016d6233cc20 Exception <a 'java/lang/NoSuchMethodError'{0x00000000853ba378}: 'java.lang.Object java.lang.invoke.DelegatingMethodHandle$Holder.reinvoke_L(java.lang.Object, java.lang.Object, java.lang.Object, java.lang.Object, java.lang.Object, long)'> (0x00000000853ba378) 
thrown [s\open\src\hotspot\share\interpreter\linkResolver.cpp, line 804]
Event: 19.681 Thread 0x0000016d6233cc20 Exception <a 'java/lang/NoSuchMethodError'{0x00000000853ca670}: 'java.lang.Object java.lang.invoke.Invokers$Holder.linkToTargetMethod(java.lang.Object, java.lang.Object, java.lang.Object, long, java.lang.Object)'> (0x00000000853ca670) 
thrown [s\open\src\hotspot\share\interpreter\linkResolver.cpp, line 804]
Event: 19.844 Thread 0x0000016d6233cc20 Exception <a 'java/lang/IncompatibleClassChangeError'{0x00000000878ee118}: Found class java.lang.Object, but interface was expected> (0x00000000878ee118) 
thrown [s\open\src\hotspot\share\interpreter\linkResolver.cpp, line 871]
Event: 20.206 Thread 0x0000016d6233cc20 Exception <a 'java/lang/NoSuchMethodError'{0x00000000867b6998}: 'java.lang.Object java.lang.invoke.DirectMethodHandle$Holder.invokeStatic(java.lang.Object, java.lang.Object, java.lang.Object, java.lang.Object, java.lang.Object, java.lang.Object, java.lang.Object, java.lang.Object, java.lang.Object, int)'> (0x00000000867b6998) 
thrown [s\open\src\hotspot\share\interpreter\linkResolver.cpp, line 804]
Event: 20.207 Thread 0x0000016d6233cc20 Exception <a 'java/lang/NoSuchMethodError'{0x00000000867ca668}: 'java.lang.Object java.lang.invoke.DirectMethodHandle$Holder.invokeStatic(java.lang.Object, java.lang.Object, java.lang.Object, java.lang.Object, java.lang.Object, java.lang.Object, java.lang.Object, java.lang.Object, java.lang.Object, java.lang.Object, int)'> (0x00000000867ca668) 
thrown [s\open\src\hotspot\share\interpreter\linkResolver.cpp, line 804]
Event: 20.208 Thread 0x0000016d6233cc20 Exception <a 'java/lang/NoSuchMethodError'{0x0000000086685fc8}: 'java.lang.Object java.lang.invoke.DirectMethodHandle$Holder.invokeStatic(java.lang.Object, java.lang.Object, java.lang.Object, java.lang.Object, java.lang.Object, java.lang.Object, java.lang.Object, java.lang.Object, int)'> (0x0000000086685fc8) 
thrown [s\open\src\hotspot\share\interpreter\linkResolver.cpp, line 804]
Event: 20.254 Thread 0x0000016d3c890a80 Exception <a 'java/lang/NoSuchMethodError'{0x00000000862084e8}: 'java.lang.Object java.lang.invoke.DirectMethodHandle$Holder.invokeInterface(java.lang.Object, java.lang.Object, int)'> (0x00000000862084e8) 
thrown [s\open\src\hotspot\share\interpreter\linkResolver.cpp, line 804]
Event: 20.256 Thread 0x0000016d3c890a80 Exception <a 'java/lang/IncompatibleClassChangeError'{0x0000000086229268}: Found class java.lang.Object, but interface was expected> (0x0000000086229268) 
thrown [s\open\src\hotspot\share\interpreter\linkResolver.cpp, line 871]
Event: 20.268 Thread 0x0000016d3c890a80 Exception <a 'java/lang/NoSuchMethodError'{0x00000000862fd268}: 'java.lang.Object java.lang.invoke.DirectMethodHandle$Holder.newInvokeSpecial(java.lang.Object, java.lang.Object, int, int)'> (0x00000000862fd268) 
thrown [s\open\src\hotspot\share\interpreter\linkResolver.cpp, line 804]
Event: 20.275 Thread 0x0000016d3c890a80 Exception <a 'java/lang/NoSuchMethodError'{0x000000008614a3d0}: 'void java.lang.invoke.DirectMethodHandle$Holder.invokeStatic(java.lang.Object, java.lang.Object, int, int, java.lang.Object)'> (0x000000008614a3d0) 
thrown [s\open\src\hotspot\share\interpreter\linkResolver.cpp, line 804]
Event: 20.279 Thread 0x0000016d3c890a80 Exception <a 'java/lang/NoSuchMethodError'{0x00000000861794a8}: 'void java.lang.invoke.DirectMethodHandle$Holder.invokeSpecialIFC(java.lang.Object, java.lang.Object, int, java.lang.Object, java.lang.Object, java.lang.Object, java.lang.Object)'> (0x00000000861794a8) 
thrown [s\open\src\hotspot\share\interpreter\linkResolver.cpp, line 804]
Event: 20.585 Thread 0x0000016d6233cc20 Exception <a 'java/lang/IncompatibleClassChangeError'{0x0000000085ea1950}: Found class java.lang.Object, but interface was expected> (0x0000000085ea1950) 
thrown [s\open\src\hotspot\share\interpreter\linkResolver.cpp, line 871]
Event: 22.027 Thread 0x0000016d3c890a80 Exception <a 'java/lang/NoSuchMethodError'{0x0000000086091060}: 'java.lang.Object java.lang.invoke.DirectMethodHandle$Holder.invokeStatic(java.lang.Object, long)'> (0x0000000086091060) 
thrown [s\open\src\hotspot\share\interpreter\linkResolver.cpp, line 804]
Event: 23.424 Thread 0x0000016d3c890a80 Exception <a 'java/lang/IncompatibleClassChangeError'{0x00000000855686c0}: Found class java.lang.Object, but interface was expected> (0x00000000855686c0) 
thrown [s\open\src\hotspot\share\interpreter\linkResolver.cpp, line 871]
Event: 24.519 Thread 0x0000016d5fd5f140 Implicit null exception at 0x0000016d4d296022 to 0x0000016d4d29c334

VM Operations (20 events):
Event: 19.710 Executing non-safepoint VM operation: HandshakeAllThreads (Deoptimize)
Event: 19.711 Executing non-safepoint VM operation: HandshakeAllThreads (Deoptimize) done
Event: 19.737 Executing non-safepoint VM operation: HandshakeAllThreads (Deoptimize)
Event: 19.737 Executing non-safepoint VM operation: HandshakeAllThreads (Deoptimize) done
Event: 19.830 Executing non-safepoint VM operation: HandshakeAllThreads (Deoptimize)
Event: 19.830 Executing non-safepoint VM operation: HandshakeAllThreads (Deoptimize) done
Event: 19.990 Executing non-safepoint VM operation: HandshakeAllThreads (Deoptimize)
Event: 19.990 Executing non-safepoint VM operation: HandshakeAllThreads (Deoptimize) done
Event: 20.084 Executing non-safepoint VM operation: HandshakeAllThreads (Deoptimize)
Event: 20.086 Executing non-safepoint VM operation: HandshakeAllThreads (Deoptimize) done
Event: 20.227 Executing non-safepoint VM operation: HandshakeAllThreads (Deoptimize)
Event: 20.241 Executing non-safepoint VM operation: HandshakeAllThreads (Deoptimize) done
Event: 20.267 Executing non-safepoint VM operation: HandshakeAllThreads (Deoptimize)
Event: 20.268 Executing non-safepoint VM operation: HandshakeAllThreads (Deoptimize) done
Event: 20.582 Executing non-safepoint VM operation: HandshakeAllThreads (Deoptimize)
Event: 20.582 Executing non-safepoint VM operation: HandshakeAllThreads (Deoptimize) done
Event: 20.812 Executing non-safepoint VM operation: HandshakeAllThreads (Deoptimize)
Event: 20.812 Executing non-safepoint VM operation: HandshakeAllThreads (Deoptimize) done
Event: 20.908 Executing non-safepoint VM operation: HandshakeAllThreads (Deoptimize)
Event: 20.908 Executing non-safepoint VM operation: HandshakeAllThreads (Deoptimize) done

Memory protections (0 events):
No events

Nmethod flushes (20 events):
Event: 17.867 Thread 0x0000016d3c9483d0 flushing  nmethod 0x0000016d458f1608
Event: 17.867 Thread 0x0000016d3c9483d0 flushing  nmethod 0x0000016d4593de08
Event: 17.867 Thread 0x0000016d3c9483d0 flushing  nmethod 0x0000016d4596b008
Event: 17.867 Thread 0x0000016d3c9483d0 flushing  nmethod 0x0000016d45a1bc88
Event: 17.867 Thread 0x0000016d3c9483d0 flushing  nmethod 0x0000016d45a1c208
Event: 17.867 Thread 0x0000016d3c9483d0 flushing  nmethod 0x0000016d45a51308
Event: 17.867 Thread 0x0000016d3c9483d0 flushing  nmethod 0x0000016d45c2b008
Event: 17.867 Thread 0x0000016d3c9483d0 flushing  nmethod 0x0000016d45cff508
Event: 17.867 Thread 0x0000016d3c9483d0 flushing  nmethod 0x0000016d45cffc08
Event: 17.867 Thread 0x0000016d3c9483d0 flushing  nmethod 0x0000016d45d00308
Event: 17.867 Thread 0x0000016d3c9483d0 flushing  nmethod 0x0000016d45d00608
Event: 17.867 Thread 0x0000016d3c9483d0 flushing  nmethod 0x0000016d45d00c08
Event: 17.867 Thread 0x0000016d3c9483d0 flushing  nmethod 0x0000016d45d00f08
Event: 17.867 Thread 0x0000016d3c9483d0 flushing  nmethod 0x0000016d45d01208
Event: 17.867 Thread 0x0000016d3c9483d0 flushing  nmethod 0x0000016d45d01508
Event: 17.867 Thread 0x0000016d3c9483d0 flushing  nmethod 0x0000016d45d01808
Event: 17.867 Thread 0x0000016d3c9483d0 flushing  nmethod 0x0000016d45d01c08
Event: 17.867 Thread 0x0000016d3c9483d0 flushing  nmethod 0x0000016d45da7088
Event: 17.867 Thread 0x0000016d3c9483d0 flushing  nmethod 0x0000016d45da8708
Event: 17.867 Thread 0x0000016d3c9483d0 flushing  nmethod 0x0000016d45da8d88

Events (20 events):
Event: 19.596 Thread 0x0000016d3c890a80 Thread added: 0x0000016d6189be40
Event: 19.596 Thread 0x0000016d3c890a80 Thread added: 0x0000016d61898f60
Event: 19.606 Thread 0x0000016d3c890a80 Thread added: 0x0000016d63a37650
Event: 19.608 Thread 0x0000016d3c890a80 Thread added: 0x0000016d63a37e20
Event: 20.183 Thread 0x0000016d617d5930 Thread exited: 0x0000016d617d5930
Event: 20.250 Thread 0x0000016d59f334b0 Thread added: 0x0000016d617d5930
Event: 21.163 Thread 0x0000016d617d5930 Thread exited: 0x0000016d617d5930
Event: 21.164 Thread 0x0000016d617d28d0 Thread exited: 0x0000016d617d28d0
Event: 22.042 Thread 0x0000016d59f334b0 Thread added: 0x0000016d617d8180
Event: 22.043 Thread 0x0000016d59f334b0 Thread added: 0x0000016d617d38f0
Event: 22.303 Thread 0x0000016d617d38f0 Thread exited: 0x0000016d617d38f0
Event: 22.303 Thread 0x0000016d617d8180 Thread exited: 0x0000016d617d8180
Event: 22.959 Thread 0x0000016d59f334b0 Thread added: 0x0000016d617d8180
Event: 22.964 Thread 0x0000016d59f334b0 Thread added: 0x0000016d617d8990
Event: 23.181 Thread 0x0000016d617d8990 Thread exited: 0x0000016d617d8990
Event: 23.181 Thread 0x0000016d617d8180 Thread exited: 0x0000016d617d8180
Event: 23.678 Thread 0x0000016d3c890a80 Thread exited: 0x0000016d3c890a80
Event: 23.678 Thread 0x0000016d63a33000 Thread added: 0x0000016d63a33000
Event: 24.590 Thread 0x0000016d59f2af70 Thread added: 0x0000016d617d8990
Event: 25.004 Thread 0x0000016d617d8990 Thread exited: 0x0000016d617d8990


Dynamic libraries:
0x00007ff7fa5e0000 - 0x00007ff7fa5ee000 	C:\Users\DI\.jdks\openjdk-26.0.2\bin\java.exe
0x00007ffbb7730000 - 0x00007ffbb7928000 	C:\WINDOWS\SYSTEM32\ntdll.dll
0x00007ffbb7620000 - 0x00007ffbb76e2000 	C:\WINDOWS\System32\KERNEL32.DLL
0x00007ffbb5070000 - 0x00007ffbb5366000 	C:\WINDOWS\System32\KERNELBASE.dll
0x00007ffbb4dc0000 - 0x00007ffbb4ec0000 	C:\WINDOWS\System32\ucrtbase.dll
0x00007ffbaf440000 - 0x00007ffbaf457000 	C:\Users\DI\.jdks\openjdk-26.0.2\bin\jli.dll
0x00007ffbae490000 - 0x00007ffbae4ae000 	C:\Users\DI\.jdks\openjdk-26.0.2\bin\VCRUNTIME140.dll
0x00007ffbb6380000 - 0x00007ffbb6521000 	C:\WINDOWS\System32\USER32.dll
0x00007ffbb4ec0000 - 0x00007ffbb4ee2000 	C:\WINDOWS\System32\win32u.dll
0x00007ffbb68b0000 - 0x00007ffbb68db000 	C:\WINDOWS\System32\GDI32.dll
0x00007ffb9d770000 - 0x00007ffb9da0b000 	C:\WINDOWS\WinSxS\amd64_microsoft.windows.common-controls_6595b64144ccf1df_6.0.19041.6456_none_60b8a6cb71f64256\COMCTL32.dll
0x00007ffbb5630000 - 0x00007ffbb5749000 	C:\WINDOWS\System32\gdi32full.dll
0x00007ffbb5800000 - 0x00007ffbb589e000 	C:\WINDOWS\System32\msvcrt.dll
0x00007ffbb5590000 - 0x00007ffbb562d000 	C:\WINDOWS\System32\msvcp_win.dll
0x00007ffbb58a0000 - 0x00007ffbb58cf000 	C:\WINDOWS\System32\IMM32.DLL
0x00007ffbb1ce0000 - 0x00007ffbb1cec000 	C:\Users\DI\.jdks\openjdk-26.0.2\bin\vcruntime140_1.dll
0x00007ffb75560000 - 0x00007ffb755ed000 	C:\Users\DI\.jdks\openjdk-26.0.2\bin\msvcp140.dll
0x00007ffb0a090000 - 0x00007ffb0af61000 	C:\Users\DI\.jdks\openjdk-26.0.2\bin\server\jvm.dll
0x00007ffbb6d80000 - 0x00007ffbb6e31000 	C:\WINDOWS\System32\ADVAPI32.dll
0x00007ffbb6ce0000 - 0x00007ffbb6d7f000 	C:\WINDOWS\System32\sechost.dll
0x00007ffbb68e0000 - 0x00007ffbb6a00000 	C:\WINDOWS\System32\RPCRT4.dll
0x00007ffbb5370000 - 0x00007ffbb5397000 	C:\WINDOWS\System32\bcrypt.dll
0x00007ffbb72b0000 - 0x00007ffbb731b000 	C:\WINDOWS\System32\WS2_32.dll
0x00007ffbb4c20000 - 0x00007ffbb4c6b000 	C:\WINDOWS\SYSTEM32\POWRPROF.dll
0x00007ffb9a790000 - 0x00007ffb9a7b7000 	C:\WINDOWS\SYSTEM32\WINMM.dll
0x00007ffbb19d0000 - 0x00007ffbb19da000 	C:\WINDOWS\SYSTEM32\VERSION.dll
0x00007ffbb4c00000 - 0x00007ffbb4c12000 	C:\WINDOWS\SYSTEM32\UMPDC.dll
0x00007ffbb35d0000 - 0x00007ffbb35e2000 	C:\WINDOWS\SYSTEM32\kernel.appcore.dll
0x00007ffbb1a80000 - 0x00007ffbb1a8a000 	C:\Users\DI\.jdks\openjdk-26.0.2\bin\jimage.dll
0x00007ffbb29c0000 - 0x00007ffbb2bc1000 	C:\WINDOWS\SYSTEM32\DBGHELP.DLL
0x00007ffb9a9a0000 - 0x00007ffb9a9d4000 	C:\WINDOWS\SYSTEM32\dbgcore.DLL
0x00007ffbb5500000 - 0x00007ffbb5582000 	C:\WINDOWS\System32\bcryptPrimitives.dll
0x00007ffbaf240000 - 0x00007ffbaf250000 	C:\Users\DI\.jdks\openjdk-26.0.2\bin\instrument.dll
0x00007ffbad040000 - 0x00007ffbad05f000 	C:\Users\DI\.jdks\openjdk-26.0.2\bin\java.dll
0x00007ffbb6bb0000 - 0x00007ffbb6cdb000 	C:\WINDOWS\System32\ole32.dll
0x00007ffbb6530000 - 0x00007ffbb6884000 	C:\WINDOWS\System32\combase.dll
0x00007ffbb5b90000 - 0x00007ffbb6300000 	C:\WINDOWS\System32\SHELL32.dll
0x00007ffbb2e10000 - 0x00007ffbb35b5000 	C:\WINDOWS\SYSTEM32\windows.storage.dll
0x00007ffbb4710000 - 0x00007ffbb473b000 	C:\WINDOWS\SYSTEM32\Wldp.dll
0x00007ffbb6ae0000 - 0x00007ffbb6bad000 	C:\WINDOWS\System32\OLEAUT32.dll
0x00007ffbb5a80000 - 0x00007ffbb5b2d000 	C:\WINDOWS\System32\SHCORE.dll
0x00007ffbb7560000 - 0x00007ffbb75bb000 	C:\WINDOWS\System32\shlwapi.dll
0x00007ffbb4cf0000 - 0x00007ffbb4d14000 	C:\WINDOWS\SYSTEM32\profapi.dll
0x00007ffbacfe0000 - 0x00007ffbacff6000 	C:\Users\DI\.jdks\openjdk-26.0.2\bin\zip.dll
0x00007ffbad020000 - 0x00007ffbad032000 	C:\Users\DI\.jdks\openjdk-26.0.2\bin\net.dll
0x00007ffbb4470000 - 0x00007ffbb44da000 	C:\WINDOWS\system32\mswsock.dll
0x00007ffbad000000 - 0x00007ffbad016000 	C:\Users\DI\.jdks\openjdk-26.0.2\bin\nio.dll
0x00007ffbae480000 - 0x00007ffbae489000 	C:\Users\DI\.jdks\openjdk-26.0.2\bin\extnet.dll
0x00007ffbae420000 - 0x00007ffbae42e000 	C:\Users\DI\.jdks\openjdk-26.0.2\bin\sunmscapi.dll
0x00007ffbb53a0000 - 0x00007ffbb54fd000 	C:\WINDOWS\System32\CRYPT32.dll
0x00007ffbb4780000 - 0x00007ffbb47a7000 	C:\WINDOWS\SYSTEM32\ncrypt.dll
0x00007ffbb4740000 - 0x00007ffbb477b000 	C:\WINDOWS\SYSTEM32\NTASN1.dll
0x00007ffbb4660000 - 0x00007ffbb4678000 	C:\WINDOWS\SYSTEM32\CRYPTSP.dll
0x00007ffbb3d90000 - 0x00007ffbb3dc8000 	C:\WINDOWS\system32\rsaenh.dll
0x00007ffbb4cb0000 - 0x00007ffbb4cde000 	C:\WINDOWS\SYSTEM32\USERENV.dll
0x00007ffbb4680000 - 0x00007ffbb468c000 	C:\WINDOWS\SYSTEM32\CRYPTBASE.dll
0x00007ffbb4150000 - 0x00007ffbb418b000 	C:\WINDOWS\SYSTEM32\IPHLPAPI.DLL
0x00007ffbb7330000 - 0x00007ffbb7338000 	C:\WINDOWS\System32\NSI.dll
0x00007ffb85060000 - 0x00007ffb8506a000 	C:\Users\DI\.jdks\openjdk-26.0.2\bin\management.dll
0x00007ffb85050000 - 0x00007ffb8505c000 	C:\Users\DI\.jdks\openjdk-26.0.2\bin\management_ext.dll
0x00007ffbb73a0000 - 0x00007ffbb73a8000 	C:\WINDOWS\System32\PSAPI.DLL
0x00007ffbb4190000 - 0x00007ffbb425a000 	C:\WINDOWS\SYSTEM32\DNSAPI.dll
0x00007ffb9c260000 - 0x00007ffb9c26a000 	C:\Windows\System32\rasadhlp.dll
0x00007ffb9c3f0000 - 0x00007ffb9c470000 	C:\WINDOWS\System32\fwpuclnt.dll
0x00007ffb9c650000 - 0x00007ffb9c657000 	C:\WINDOWS\system32\wshunix.dll

JVMTI agents:
C:\Program Files\JetBrains\IntelliJ IDEA Community Edition 2025.2\lib\idea_rt.jar path:C:\Users\DI\.jdks\openjdk-26.0.2\bin\instrument.dll, loaded, initialized, instrumentlib options:50451

dbghelp: loaded successfully - version: 4.0.5 - missing functions: none
symbol engine: initialized successfully - sym options: 0x614 - pdb path: .;C:\Users\DI\.jdks\openjdk-26.0.2\bin;C:\WINDOWS\SYSTEM32;C:\WINDOWS\WinSxS\amd64_microsoft.windows.common-controls_6595b64144ccf1df_6.0.19041.6456_none_60b8a6cb71f64256;C:\Users\DI\.jdks\openjdk-26.0.2\bin\server

VM Arguments:
jvm_args: -javaagent:C:\Program Files\JetBrains\IntelliJ IDEA Community Edition 2025.2\lib\idea_rt.jar=50451 -Dfile.encoding=UTF-8 -Dsun.stdout.encoding=UTF-8 -Dsun.stderr.encoding=UTF-8 
java_command: com.labresource.LabResourceApplication
java_class_path (initial): E:\infosys\backend\target\classes;C:\Users\DI\.m2\repository\org\springframework\boot\spring-boot-starter-web\4.0.7\spring-boot-starter-web-4.0.7.jar;C:\Users\DI\.m2\repository\org\springframework\boot\spring-boot-starter-jackson\4.0.7\spring-boot-starter-jackson-4.0.7.jar;C:\Users\DI\.m2\repository\org\springframework\boot\spring-boot-jackson\4.0.7\spring-boot-jackson-4.0.7.jar;C:\Users\DI\.m2\repository\tools\jackson\core\jackson-databind\3.1.4\jackson-databind-3.1.4.jar;C:\Users\DI\.m2\repository\tools\jackson\core\jackson-core\3.1.4\jackson-core-3.1.4.jar;C:\Users\DI\.m2\repository\org\springframework\boot\spring-boot-starter-tomcat\4.0.7\spring-boot-starter-tomcat-4.0.7.jar;C:\Users\DI\.m2\repository\org\springframework\boot\spring-boot-starter-tomcat-runtime\4.0.7\spring-boot-starter-tomcat-runtime-4.0.7.jar;C:\Users\DI\.m2\repository\org\springframework\boot\spring-boot-web-server\4.0.7\spring-boot-web-server-4.0.7.jar;C:\Users\DI\.m2\repository\org\apache\tomcat\embed\tomcat-embed-core\11.0.22\tomcat-embed-core-11.0.22.jar;C:\Users\DI\.m2\repository\org\apache\tomcat\embed\tomcat-embed-websocket\11.0.22\tomcat-embed-websocket-11.0.22.jar;C:\Users\DI\.m2\repository\org\springframework\boot\spring-boot-tomcat\4.0.7\spring-boot-tomcat-4.0.7.jar;C:\Users\DI\.m2\repository\org\springframework\boot\spring-boot-http-converter\4.0.7\spring-boot-http-converter-4.0.7.jar;C:\Users\DI\.m2\repository\org\springframework\boot\spring-boot\4.0.7\spring-boot-4.0.7.jar;C:\Users\DI\.m2\repository\org\springframework\spring-web\7.0.8\spring-web-7.0.8.jar;C:\Users\DI\.m2\repository\org\springframework\boot\spring-boot-webmvc\4.0.7\spring-boot-webmvc-4.0.7.jar;C:\Users\DI\.m2\repository\org\springframework\boot\spring-boot-servlet\4.0.7\spring-boot-servlet-4.0.7.jar;C:\Users\DI\.m2\repository\org\springframework\spring-webmvc\7.0.8\spring-webmvc-7.0.8.jar;C:\Users\DI\.m2\repository\org\springframework\boot\spring-boot-starter-security\4.0.7\spring-boot-starter-security-4.0.7.jar;C:\Users\DI\.m2\repository\org\springframework\boot\spring-boot-starter\4.0.7\spring-boot-starter-4.0.7.jar;C:\Users\DI\.m2\repository\org\springframework\boot\spring-boot-starter-logging\4.0.7\spring-boot-starter-logging-4.0.7.jar;C:\Users\DI\.m2\repository\ch\qos\logback\logback-classic\1.5.34\logback-classic-1.5.34.jar;C:\Users\DI\.m2\repository\ch\qos\logback\logback-core\1.5.34\logback-core-1.5.34.jar;C:\Users\DI\.m2\repository\org\apache\logging\log4j\log4j-to-slf4j\2.25.4\log4j-to-slf4j-2.25.4.jar;C:\Users\DI\.m2\repository\org\apache\logging\log4j\log4j-api\2.25.4\log4j-api-2.25.4.jar;C:\Users\DI\.m2\repository\org\slf4j\jul-to-slf4j\2.0.18\jul-to-slf4j-2.0.18.jar;C:\Users\DI\.m2\repository\org\springframework\boot\spring-boot-autoconfigure\4.0.7\spring-boot-autoconfigure-4.0.7.jar;C:\Users\DI\.m2\repository\jakarta\annotation\jakarta.annotation-api\3.0.0\jakarta.annotation-api-3.0.0.jar;C:\Users\DI\.m2\repository\org\yaml\snakeyaml\2.5\snakeyaml-2.5.jar;C:\Users\DI\.m2\repository\org\springframework\boot\spring-boot-security\4.0.7\spring-boot-security-4.0.7.jar;C:\Users\DI\.m2\repository\org\springframework\security\spring-security-config\7.0.6\spring-security-config-7.0.6.jar;C:\Users\DI\.m2\repository\org\springframework\spring-aop\7.0.8\spring-aop-7.0.8.jar;C:\Users\DI\.m2\repository\org\springframework\spring-beans\7.0.8\spring-beans-7.0.8.jar;C:\Users\DI\.m2\repository\org\springframework\boot\spring-boot-starter-data-jpa\4.0.7\spring-boot-starter-data-jpa-4.0.7.jar;C:\Users\DI\.m2\repository\org\springframework\boot\spring-boot-starter-jdbc\4.0.7\spring-boot-starter-jdbc-4.0.7.jar;C:\Users\DI\.m2\repository\com\zaxxer\HikariCP\7.0.2\HikariCP-7.0.2.jar;C:\Users\DI\.m2\repository\org\springframework\boot\spring-boot-data-jpa\4.0.7\spring-boot-data-jpa-4.0.7.jar;C:\Users\DI\.m2\repository\org\springframework\boot\spring-boot-data-commons\4.0.7\spring-boot-data-commons-4.0.7.jar;C:\Users\DI\.m2\repository\org\springframework\boot\spring-boot-persistence\4.0.7\spring-boot-persistence-4.0.7.jar;C:\Users\DI\.m2\repository\org\springframework\data\spring-data-commons\4.0.6\spring-data-commons-4.0.6.jar;C:\Users\DI\.m2\repository\org\springframework\boot\spring-boot-hibernate\4.0.7\spring-boot-hibernate-4.0.7.jar;C:\Users\DI\.m2\repository\org\springframework\boot\spring-boot-jpa\4.0.7\spring-boot-jpa-4.0.7.jar;C:\Users\DI\.m2\repository\jakarta\persistence\jakarta.persistence-api\3.2.0\jakarta.persistence-api-3.2.0.jar;C:\Users\DI\.m2\repository\org\hibernate\orm\hibernate-core\7.2.19.Final\hibernate-core-7.2.19.Final.jar;C:\Users\DI\.m2\repository\jakarta\transaction\jakarta.transaction-api\2.0.1\jakarta.transaction-api-2.0.1.jar;C:\Users\DI\.m2\repository\org\hibernate\models\hibernate-models\1.0.1\hibernate-models-1.0.1.jar;C:\Users\DI\.m2\repository\org\glassfish\jaxb\jaxb-runtime\4.0.9\jaxb-runtime-4.0.9.jar;C:\Users\DI\.m2\repository\org\glassfish\jaxb\jaxb-core\4.0.9\jaxb-core-4.0.9.jar;C:\Users\DI\.m2\repository\org\eclipse\angus\angus-activation\2.0.3\angus-activation-2.0.3.jar;C:\Users\DI\.m2\repository\org\glassfish\jaxb\txw2\4.0.9\txw2-4.0.9.jar;C:\Users\DI\.m2\repository\com\sun\istack\istack-commons-runtime\4.1.2\istack-commons-runtime-4.1.2.jar;C:\Users\DI\.m2\repository\jakarta\inject\jakarta.inject-api\2.0.1\jakarta.inject-api-2.0.1.jar;C:\Users\DI\.m2\repository\org\springframework\spring-orm\7.0.8\spring-orm-7.0.8.jar;C:\Users\DI\.m2\repository\org\springframework\data\spring-data-jpa\4.0.6\spring-data-jpa-4.0.6.jar;C:\Users\DI\.m2\repository\org\springframework\spring-tx\7.0.8\spring-tx-7.0.8.jar;C:\Users\DI\.m2\repository\org\antlr\antlr4-runtime\4.13.2\antlr4-runtime-4.13.2.jar;C:\Users\DI\.m2\repository\org\springframework\spring-aspects\7.0.8\spring-aspects-7.0.8.jar;C:\Users\DI\.m2\repository\org\aspectj\aspectjweaver\1.9.25.1\aspectjweaver-1.9.25.1.jar;C:\Users\DI\.m2\repository\org\springframework\boot\spring-boot-jdbc\4.0.7\spring-boot-jdbc-4.0.7.jar;C:\Users\DI\.m2\repository\org\springframework\boot\spring-boot-sql\4.0.7\spring-boot-sql-4.0.7.jar;C:\Users\DI\.m2\repository\org\springframework\boot\spring-boot-transaction\4.0.7\spring-boot-transaction-4.0.7.jar;C:\Users\DI\.m2\repository\org\springframework\spring-jdbc\7.0.8\spring-jdbc-7.0.8.jar;C:\Users\DI\.m2\repository\org\postgresql\postgresql\42.7.11\postgresql-42.7.11.jar;C:\Users\DI\.m2\repository\org\springframework\boot\spring-boot-starter-validation\4.0.7\spring-boot-starter-validation-4.0.7.jar;C:\Users\DI\.m2\repository\org\springframework\boot\spring-boot-validation\4.0.7\spring-boot-validation-4.0.7.jar;C:\Users\DI\.m2\repository\org\apache\tomcat\embed\tomcat-embed-el\11.0.22\tomcat-embed-el-11.0.22.jar;C:\Users\DI\.m2\repository\org\hibernate\validator\hibernate-validator\9.0.1.Final\hibernate-validator-9.0.1.Final.jar;C:\Users\DI\.m2\repository\jakarta\validation\jakarta.validation-api\3.1.1\jakarta.validation-api-3.1.1.jar;C:\Users\DI\.m2\repository\org\jboss\logging\jboss-logging\3.6.3.Final\jboss-logging-3.6.3.Final.jar;C:\Users\DI\.m2\repository\com\fasterxml\classmate\1.7.3\classmate-1.7.3.jar;C:\Users\DI\.m2\repository\io\jsonwebtoken\jjwt-api\0.12.7\jjwt-api-0.12.7.jar;C:\Users\DI\.m2\repository\io\jsonwebtoken\jjwt-impl\0.12.7\jjwt-impl-0.12.7.jar;C:\Users\DI\.m2\repository\io\jsonwebtoken\jjwt-jackson\0.12.7\jjwt-jackson-0.12.7.jar;C:\Users\DI\.m2\repository\com\fasterxml\jackson\core\jackson-databind\2.21.4\jackson-databind-2.21.4.jar;C:\Users\DI\.m2\repository\com\fasterxml\jackson\core\jackson-annotations\2.21\jackson-annotations-2.21.jar;C:\Users\DI\.m2\repository\com\fasterxml\jackson\core\jackson-core\2.21.4\jackson-core-2.21.4.jar;C:\Users\DI\.m2\repository\org\projectlombok\lombok\1.18.46\lombok-1.18.46.jar;C:\Users\DI\.m2\repository\org\slf4j\slf4j-api\2.0.18\slf4j-api-2.0.18.jar;C:\Users\DI\.m2\repository\jakarta\xml\bind\jakarta.xml.bind-api\4.0.5\jakarta.xml.bind-api-4.0.5.jar;C:\Users\DI\.m2\repository\jakarta\activation\jakarta.activation-api\2.1.4\jakarta.activation-api-2.1.4.jar;C:\Users\DI\.m2\repository\net\bytebuddy\byte-buddy\1.17.8\byte-buddy-1.17.8.jar;C:\Users\DI\.m2\repository\org\springframework\spring-core\7.0.8\spring-core-7.0.8.jar;C:\Users\DI\.m2\repository\commons-logging\commons-logging\1.3.6\commons-logging-1.3.6.jar;C:\Users\DI\.m2\repository\org\jspecify\jspecify\1.0.0\jspecify-1.0.0.jar;C:\Users\DI\.m2\repository\org\springframework\security\spring-security-core\7.0.6\spring-security-core-7.0.6.jar;C:\Users\DI\.m2\repository\org\springframework\security\spring-security-crypto\7.0.6\spring-security-crypto-7.0.6.jar;C:\Users\DI\.m2\repository\org\springframework\spring-context\7.0.8\spring-context-7.0.8.jar;C:\Users\DI\.m2\repository\org\springframework\spring-expression\7.0.8\spring-expression-7.0.8.jar;C:\Users\DI\.m2\repository\io\micrometer\micrometer-observation\1.16.6\micrometer-observation-1.16.6.jar;C:\Users\DI\.m2\repository\io\micrometer\micrometer-commons\1.16.6\micrometer-commons-1.16.6.jar;C:\Users\DI\.m2\repository\org\springframework\security\spring-security-web\7.0.6\spring-security-web-7.0.6.jar
Launcher Type: SUN_STANDARD

[Global flags]
     bool AOTAdapterCaching                        = false                                  {diagnostic} {ergonomic}
     bool AOTInvokeDynamicLinking                  = false                                  {diagnostic} {ergonomic}
     bool AOTRecordTraining                        = false                                  {diagnostic} {ergonomic}
     bool AOTReplayTraining                        = false                                  {diagnostic} {ergonomic}
     bool AOTStubCaching                           = false                                  {diagnostic} {ergonomic}
     intx CICompilerCount                          = 4                                         {product} {ergonomic}
     uint ConcGCThreads                            = 2                                         {product} {ergonomic}
     uint G1ConcRefinementThreads                  = 8                                         {product} {ergonomic}
     uint G1EagerReclaimRemSetThreshold            = 10                                   {experimental} {ergonomic}
   size_t G1HeapRegionSize                         = 1048576                                   {product} {ergonomic}
     uint G1RemSetArrayOfCardsEntries              = 10                                   {experimental} {ergonomic}
     uint G1RemSetHowlMaxNumBuckets                = 8                                    {experimental} {ergonomic}
     uint G1RemSetHowlNumBuckets                   = 4                                    {experimental} {ergonomic}
   size_t InitialHeapSize                          = 8388608                                   {product} {ergonomic}
     bool IntelJccErratumMitigation                = true                              {ARCH diagnostic} {ergonomic}
   size_t MarkStackSize                            = 4194304                                   {product} {ergonomic}
   size_t MarkStackSizeMax                         = 536870912                                 {product} {ergonomic}
   size_t MaxHeapSize                              = 2116026368                                {product} {ergonomic}
   size_t MaxNewSize                               = 1268776960                                {product} {ergonomic}
 uint64_t MaxRAM                                   = 8462270464                                {product} {ergonomic}
   size_t MinHeapDeltaBytes                        = 1048576                                   {product} {ergonomic}
   size_t MinHeapSize                              = 8388608                                   {product} {ergonomic}
   size_t NonNMethodCodeHeapSize                   = 5898240                                {pd product} {ergonomic}
   size_t NonProfiledCodeHeapSize                  = 122945536                              {pd product} {ergonomic}
   size_t ProfiledCodeHeapSize                     = 122945536                              {pd product} {ergonomic}
   size_t ReservedCodeCacheSize                    = 251789312                              {pd product} {ergonomic}
     bool SegmentedCodeCache                       = true                                      {product} {ergonomic}
   size_t SoftMaxHeapSize                          = 2116026368                             {manageable} {ergonomic}
     bool UseCompressedOops                        = true                           {product lp64_product} {ergonomic}
     bool UseCondCardMark                          = true                                      {product} {ergonomic}
     bool UseFastUnorderedTimeStamps               = true                                 {experimental} {ergonomic}
     bool UseG1GC                                  = true                                      {product} {ergonomic}
     bool UseLargePagesIndividualAllocation        = false                                  {pd product} {ergonomic}
      int X86ICacheSync                            = 2                                 {ARCH diagnostic} {ergonomic}

Logging:
Log output configuration:
 #0: stdout all=warning uptime,level,tags foldmultilines=false
 #1: stderr all=off uptime,level,tags foldmultilines=false

Release file:
IMPLEMENTOR="Oracle Corporation" 
JAVA_RUNTIME_VERSION="26.0.2+10-55" 
JAVA_VERSION="26.0.2" 
JAVA_VERSION_DATE="2026-07-21" 
LIBC="default" 
MODULES="java.base java.compiler java.datatransfer java.xml java.prefs java.desktop java.instrument java.logging java.management java.security.sasl java.naming java.rmi java.management.rmi java.net.http java.scripting java.security.jgss java.transaction.xa java.sql java.sql.rowset java.xml.crypto java.se java.smartcardio jdk.accessibility jdk.internal.jvmstat jdk.attach jdk.charsets jdk.internal.opt jdk.zipfs jdk.compiler jdk.crypto.cryptoki jdk.crypto.ec jdk.crypto.mscapi jdk.dynalink jdk.internal.ed jdk.editpad jdk.internal.vm.ci jdk.graal.compiler jdk.graal.compiler.management jdk.hotspot.agent jdk.httpserver jdk.incubator.vector jdk.internal.le jdk.internal.md jdk.jartool jdk.javadoc jdk.jcmd jdk.management jdk.management.agent jdk.jconsole jdk.jdeps jdk.jdwp.agent jdk.jdi jdk.jfr jdk.jlink jdk.jpackage jdk.jshell jdk.jstatd jdk.localedata jdk.management.jfr jdk.naming.dns jdk.naming.rmi jdk.net jdk.nio.mapmode jdk.sctp jdk.security.auth jdk.security.jgss jdk.unsupported jdk.unsupported.desktop jdk.xml.dom" 
OS_ARCH="x86_64" 
OS_NAME="Windows" 
SOURCE=".:git:fa67dfdcec4b" 

Environment Variables:
JAVA_HOME=C:\Program Files\Java\jdk-22
PATH=C:\Program Files\Common Files\Oracle\Java\javapath;C:\WINDOWS\system32;C:\WINDOWS;C:\WINDOWS\System32\Wbem;C:\WINDOWS\System32\WindowsPowerShell\v1.0\;C:\WINDOWS\System32\OpenSSH\;C:\MinGW\bin;C:\Program Files\Java\jdk-22\bin;C:\Program Files\nodejs\;C:\Program Files\nodejs;C:\Program Files\Git\cmd;C:\Program Files\mongodb\Server\8.0\data;C:\Program Files\mongodb\Server\8.0\bin;C:\Program Files\mongodb\Server\8.0\data\diagnostic.data;C:\data\db;C:\data\db\diagnostic.data;C:\Program Files\mongodb\Server\8.0\data\db;C:\Users\DI\AppData\Local\Programs\Python\Python313;C:\Users\DI\AppData\Local\Programs\Python\Python313\Scripts;C:\Program Files\Go\bin;C:\Program Files\Go\bin;C:\Users\DI\AppData\Local\Programs\Python\Python313\Scripts\;C:\Users\DI\AppData\Local\Programs\Python\Python313\;C:\Users\DI\AppData\Local\Programs\Python\Launcher\;C:\Users\DI\AppData\Local\Microsoft\WindowsApps;C:\MinGW\bin\gcc.exe;C:\MinGW\bin;C:\Users\DI\AppData\Local\Programs\Microsoft VS Code\bin;C:\Users\DI\AppData\Roaming\npm;C:\Program Files\nodejs;C:\Program Files\JetBrains\IntelliJ IDEA Community Edition 2025.2\bin;C:\Users\DI\AppData\Local\Programs\Python\Python313;C:\Users\DI\AppData\Local\Programs\Python\Python313\Scripts;C:\Users\DI\go\bin
USERNAME=DI
OS=Windows_NT
PROCESSOR_IDENTIFIER=Intel64 Family 6 Model 142 Stepping 12, GenuineIntel
TMP=C:\Users\DI\AppData\Local\Temp
TEMP=C:\Users\DI\AppData\Local\Temp




Compilation memory statistics disabled.

Periodic native trim disabled

---------------  S Y S T E M  ---------------

OS:
 Windows 10 , 64 bit Build 19041 (10.0.19041.5915)
OS uptime: 0 days 0:26 hours

CPU: total 8 (initial active 8) (4 cores per cpu, 2 threads per core) family 6 model 142 stepping 12 microcode 0xd6, cx8, cmov, fxsr, ht, mmx, 3dnowpref, sse, sse2, sse3, ssse3, sse4.1, sse4.2, popcnt, lzcnt, tsc, tscinvbit, avx, avx2, aes, erms, clmul, bmi1, bmi2, adx, fma, vzeroupper, clflush, clflushopt, rdtscp, f16c
Processor Information for the first 8 processors :
  Max Mhz: 1800, Current Mhz: 1600, Mhz Limit: 1584

Memory: 4k page, system-wide physical 8070M (754M free)
TotalPageFile size 11749M (AvailPageFile size 200M)
current process WorkingSet (physical memory assigned to process): 334M, peak: 341M
current process commit charge ("private bytes"): 371M, peak: 403M

vm_info: OpenJDK 64-Bit Server VM (26.0.2+10-55) for windows-amd64 JRE (26.0.2+10-55), built on 2026-06-17T09:18:01Z with MS VC++ 17.13 (VS2022)

END.
